Archive member included to satisfy reference by file (symbol)

C:/devkitPro/libnx/lib\libnx.a(applet.o)
                              main.o (appletMainLoop)
C:/devkitPro/libnx/lib\libnx.a(sm.o)
                              C:/devkitPro/libnx/lib\libnx.a(applet.o) (smGetServiceWrapper)
C:/devkitPro/libnx/lib\libnx.a(diag.o)
                              C:/devkitPro/libnx/lib\libnx.a(applet.o) (diagAbortWithResult)
C:/devkitPro/libnx/lib\libnx.a(env.o)
                              C:/devkitPro/libnx/lib\libnx.a(applet.o) (envIsNso)
C:/devkitPro/libnx/lib\libnx.a(hosversion.o)
                              C:/devkitPro/libnx/lib\libnx.a(applet.o) (hosversionGet)
C:/devkitPro/libnx/lib\libnx.a(pad.o)
                              main.o (padConfigureInput)
C:/devkitPro/libnx/lib\libnx.a(console.o)
                              main.o (consoleInit)
C:/devkitPro/libnx/lib\libnx.a(console_sw.o)
                              C:/devkitPro/libnx/lib\libnx.a(console.o) (getDefaultConsoleRenderer)
C:/devkitPro/libnx/lib\libnx.a(svc.o)
                              C:/devkitPro/libnx/lib\libnx.a(applet.o) (svcExitProcess)
C:/devkitPro/libnx/lib\libnx.a(switch_crt0.o)
                              (_start)
C:/devkitPro/libnx/lib\libnx.a(default_font.bin.o)
                              C:/devkitPro/libnx/lib\libnx.a(console.o) (default_font_bin)
C:/devkitPro/libnx/lib\libnx.a(event.o)
                              C:/devkitPro/libnx/lib\libnx.a(applet.o) (eventLoadRemote)
C:/devkitPro/libnx/lib\libnx.a(mutex.o)
                              C:/devkitPro/libnx/lib\libnx.a(applet.o) (mutexLock)
C:/devkitPro/libnx/lib\libnx.a(tmem.o)
                              C:/devkitPro/libnx/lib\libnx.a(applet.o) (tmemCreate)
C:/devkitPro/libnx/lib\libnx.a(virtmem.o)
                              C:/devkitPro/libnx/lib\libnx.a(tmem.o) (virtmemLock)
C:/devkitPro/libnx/lib\libnx.a(wait.o)
                              C:/devkitPro/libnx/lib\libnx.a(applet.o) (waitObjects)
C:/devkitPro/libnx/lib\libnx.a(apm.o)
                              C:/devkitPro/libnx/lib\libnx.a(applet.o) (apmInitialize)
C:/devkitPro/libnx/lib\libnx.a(hid.o)
                              C:/devkitPro/libnx/lib\libnx.a(pad.o) (hidGetNpadStyleSet)
C:/devkitPro/libnx/lib\libnx.a(default_window.o)
                              C:/devkitPro/libnx/lib\libnx.a(console_sw.o) (nwindowGetDefault)
C:/devkitPro/libnx/lib\libnx.a(framebuffer.o)
                              C:/devkitPro/libnx/lib\libnx.a(console_sw.o) (framebufferMakeLinear)
C:/devkitPro/libnx/lib\libnx.a(native_window.o)
                              C:/devkitPro/libnx/lib\libnx.a(framebuffer.o) (nwindowIsValid)
C:/devkitPro/libnx/lib\libnx.a(alloc.o)
                              C:/devkitPro/libnx/lib\libnx.a(virtmem.o) (__libnx_alloc)
C:/devkitPro/libnx/lib\libnx.a(argv.o)
                              C:/devkitPro/libnx/lib\libnx.a(switch_crt0.o) (__system_argc)
C:/devkitPro/libnx/lib\libnx.a(dynamic.o)
                              C:/devkitPro/libnx/lib\libnx.a(switch_crt0.o) (__nx_dynamic)
C:/devkitPro/libnx/lib\libnx.a(init.o)
                              C:/devkitPro/libnx/lib\libnx.a(switch_crt0.o) (__libnx_init)
C:/devkitPro/libnx/lib\libnx.a(newlib.o)
                              C:/devkitPro/libnx/lib\libnx.a(init.o) (__libnx_init_time)
C:/devkitPro/libnx/lib\libnx.a(nxlink.o)
                              C:/devkitPro/libnx/lib\libnx.a(argv.o) (nxlinkSetup)
C:/devkitPro/libnx/lib\libnx.a(fs_dev.o)
                              C:/devkitPro/libnx/lib\libnx.a(init.o) (fsdevMountSdmc)
C:/devkitPro/libnx/lib\libnx.a(path_buf.o)
                              C:/devkitPro/libnx/lib\libnx.a(fs_dev.o) (__nx_dev_path_buf)
C:/devkitPro/libnx/lib\libnx.a(decode_utf8.o)
                              C:/devkitPro/libnx/lib\libnx.a(fs_dev.o) (decode_utf8)
C:/devkitPro/libnx/lib\libnx.a(cache.o)
                              C:/devkitPro/libnx/lib\libnx.a(framebuffer.o) (armDCacheFlush)
C:/devkitPro/libnx/lib\libnx.a(exception.o)
                              C:/devkitPro/libnx/lib\libnx.a(switch_crt0.o) (__libnx_exception_entry)
C:/devkitPro/libnx/lib\libnx.a(readtp.o)
                              C:/devkitPro/libnx/lib\libnx.a(fs_dev.o) (__aarch64_read_tp)
C:/devkitPro/libnx/lib\libnx.a(condvar.o)
                              C:/devkitPro/libnx/lib\libnx.a(newlib.o) (condvarWaitTimeout)
C:/devkitPro/libnx/lib\libnx.a(random.o)
                              C:/devkitPro/libnx/lib\libnx.a(virtmem.o) (randomGet64)
C:/devkitPro/libnx/lib\libnx.a(shmem.o)
                              C:/devkitPro/libnx/lib\libnx.a(hid.o) (shmemLoadRemote)
C:/devkitPro/libnx/lib\libnx.a(thread.o)
                              C:/devkitPro/libnx/lib\libnx.a(init.o) (__libnx_init_thread)
C:/devkitPro/libnx/lib\libnx.a(fs.o)
                              C:/devkitPro/libnx/lib\libnx.a(init.o) (fsInitialize)
C:/devkitPro/libnx/lib\libnx.a(nv.o)
[...]
Memory Configuration

Name             Origin             Length             Attributes
*default*        0x0000000000000000 0xffffffffffffffff

Linker script and memory map

                0x0000000000000000                PROVIDE (__start__ = 0x0)
                0x0000000000000000                . = __start__
                [!provide]                        PROVIDE (__code_start = .)

.text           0x0000000000000000    0x27c48
 *(.crt0)
 .crt0          0x0000000000000000      0x124 C:/devkitPro/libnx/lib\libnx.a(switch_crt0.o)
                0x0000000000000000                _start
                0x00000000000000e0                __nx_exit
                0x00000000000000f0                __nx_mod0
 *(.text.unlikely .text.*_unlikely .text.unlikely.*)
 *(.text.exit .text.exit.*)
 *fill*         0x0000000000000124       0x1c 
 .text.exit     0x0000000000000140       0x34 C:/devkitPro/devkitA64/bin/../lib/gcc/aarch64-none-elf/14.2.0/../../../../aarch64-none-elf/lib/pic\libg.a(libc_a-exit.o)
                0x0000000000000140                exit
 *(.text.startup .text.startup.*)
 *fill*         0x0000000000000174        0xc 
 .text.startup.main
                0x0000000000000180       0x80 main.o
                0x0000000000000180                main
 *(.text.hot .text.hot.*)
 *(.text .stub .text.* .gnu.linkonce.t.*)
 .text.__do_global_dtors_aux
                0x0000000000000200       0x44 C:/devkitPro/devkitA64/bin/../lib/gcc/aarch64-none-elf/14.2.0/pic/crtbegin.o
 *fill*         0x0000000000000244       0x1c 
 .text.frame_dummy
                0x0000000000000260       0x24 C:/devkitPro/devkitA64/bin/../lib/gcc/aarch64-none-elf/14.2.0/pic/crtbegin.o
 *fill*         0x0000000000000284        0xc 
 .text._appletInfiniteSleepLoop
                0x0000000000000290       0x18 C:/devkitPro/libnx/lib\libnx.a(applet.o)
 *fill*         0x00000000000002a8        0x8 
 .text._appletCmdGetSession
                0x00000000000002b0      0x108 C:/devkitPro/libnx/lib\libnx.a(applet.o)
 *fill*         0x00000000000003b8        0x8 
 .text._appletCmdInU8NoOut
                0x00000000000003c0       0xcc C:/devkitPro/libnx/lib\libnx.a(applet.o)
 *fill*         0x000000000000048c        0x4 
 .text._appletGetLaunchReason
                0x0000000000000490      0x104 C:/devkitPro/libnx/lib\libnx.a(applet.o)
 *fill*         0x0000000000000594        0xc 
 .text._appletSetFocusHandlingMode
                0x00000000000005a0       0xe4 C:/devkitPro/libnx/lib\libnx.a(applet.o)
 *fill*         0x0000000000000684        0xc 
 .text._appletCmdInU32NoOut
                0x0000000000000690       0xcc C:/devkitPro/libnx/lib\libnx.a(applet.o)
 *fill*         0x000000000000075c        0x4 
 .text._appletGetSessionProxy.constprop.0
                0x0000000000000760      0x138 C:/devkitPro/libnx/lib\libnx.a(applet.o)
 *fill*         0x0000000000000898        0x8 
 .text._appletOpenLibraryAppletProxy.constprop.0
                0x00000000000008a0      0x154 C:/devkitPro/libnx/lib\libnx.a(applet.o)
 *fill*         0x00000000000009f4        0xc 
 .text._appletCmdGetHandle.constprop.0.isra.0
                0x0000000000000a00       0xd0 C:/devkitPro/libnx/lib\libnx.a(applet.o)
 .text._appletCmdNoInOutU8.isra.0
                0x0000000000000ad0       0xd4 C:/devkitPro/libnx/lib\libnx.a(applet.o)
 *fill*         0x0000000000000ba4        0xc 
 .text._appletCmdNoInOutU32.isra.0
                0x0000000000000bb0       0xd4 C:/devkitPro/libnx/lib\libnx.a(applet.o)
 *fill*         0x0000000000000c84        0xc 
 .text._appletCmdNoInOutU64.isra.0
                0x0000000000000c90       0xd4 C:/devkitPro/libnx/lib\libnx.a(applet.o)
 *fill*         0x0000000000000d64        0xc 
 .text._appletCmdNoIO.isra.0
                0x0000000000000d70       0xc0 C:/devkitPro/libnx/lib\libnx.a(applet.o)
 .text.appletGetAppletType
                0x0000000000000e30       0x10 C:/devkitPro/libnx/lib\libnx.a(applet.o)
                0x0000000000000e30                appletGetAppletType
 .text.appletSetFocusHandlingMode
                0x0000000000000e40      0x108 C:/devkitPro/libnx/lib\libnx.a(applet.o)
                0x0000000000000e40                appletSetFocusHandlingMode
 *fill*         0x0000000000000f48        0x8 
 .text.appletSetCpuBoostMode
                0x0000000000000f50       0x5c C:/devkitPro/libnx/lib\libnx.a(applet.o)
                0x0000000000000f50                appletSetCpuBoostMode
 *fill*         0x0000000000000fac        0x4 
 .text.appletCreateManagedDisplayLayer
                0x0000000000000fb0       0x2c C:/devkitPro/libnx/lib\libnx.a(applet.o)
                0x0000000000000fb0                appletCreateManagedDisplayLayer
 *fill*         0x0000000000000fdc        0x4 
 .text.appletGetAppletResourceUserId
                0x0000000000000fe0        0xc C:/devkitPro/libnx/lib\libnx.a(applet.o)
                0x0000000000000fe0                appletGetAppletResourceUserId
 *fill*         0x0000000000000fec        0x4 
 .text._appletGetIndirectLayerConsumerHandle
                0x0000000000000ff0       0xf4 C:/devkitPro/libnx/lib\libnx.a(applet.o)
 *fill*         0x00000000000010e4        0xc 
 .text._appletHolderCreateState
                0x00000000000010f0       0x88 C:/devkitPro/libnx/lib\libnx.a(applet.o)
 *fill*         0x0000000000001178        0x8 
 .text.appletHolderClose
                0x0000000000001180       0xb0 C:/devkitPro/libnx/lib\libnx.a(applet.o)
                0x0000000000001180                appletHolderClose
 .text.appletHolderGetLibraryAppletInfo
                0x0000000000001230       0x24 C:/devkitPro/libnx/lib\libnx.a(applet.o)
                0x0000000000001230                appletHolderGetLibraryAppletInfo
 *fill*         0x0000000000001254        0xc 
 .text.appletNotifyRunning
                0x0000000000001260       0x90 C:/devkitPro/libnx/lib\libnx.a(applet.o)
                0x0000000000001260                appletNotifyRunning
 .text.appletSetGamePlayRecordingState
                0x00000000000012f0       0x8c C:/devkitPro/libnx/lib\libnx.a(applet.o)
                0x00000000000012f0                appletSetGamePlayRecordingState
 *fill*         0x000000000000137c        0x4 
 .text._appletCleanup
                0x0000000000001380      0xad4 C:/devkitPro/libnx/lib\libnx.a(applet.o)
 *fill*         0x0000000000001e54        0xc 
 .text.appletExit
                0x0000000000001e60       0x44 C:/devkitPro/libnx/lib\libnx.a(applet.o)
                0x0000000000001e60                appletExit
 *fill*         0x0000000000001ea4        0xc 
 .text.appletGetLibraryAppletInfo
                0x0000000000001eb0       0x40 C:/devkitPro/libnx/lib\libnx.a(applet.o)
                0x0000000000001eb0                appletGetLibraryAppletInfo
 .text.appletInitialize
                0x0000000000001ef0      0xa98 C:/devkitPro/libnx/lib\libnx.a(applet.o)
                0x0000000000001ef0                appletInitialize
 *fill*         0x0000000000002988        0x8 
 .text._appletExitProcess
                0x0000000000002990       0x24 C:/devkitPro/libnx/lib\libnx.a(applet.o)
 *fill*         0x00000000000029b4        0xc 
 .text.appletGetMessage
                0x00000000000029c0       0x74 C:/devkitPro/libnx/lib\libnx.a(applet.o)
                0x00000000000029c0                appletGetMessage
 *fill*         0x0000000000002a34        0xc 
 .text.appletProcessMessage
                0x0000000000002a40      0x27c C:/devkitPro/libnx/lib\libnx.a(applet.o)
                0x0000000000002a40                appletProcessMessage
 *fill*         0x0000000000002cbc        0x4 
 .text.appletMainLoop
                0x0000000000002cc0       0x34 C:/devkitPro/libnx/lib\libnx.a(applet.o)
                0x0000000000002cc0                appletMainLoop
 *fill*         0x0000000000002cf4        0xc 
 .text._smCmifCmdInPid
                0x0000000000002d00       0xd0 C:/devkitPro/libnx/lib\libnx.a(sm.o)
 .text._smCleanup
                0x0000000000002dd0       0x68 C:/devkitPro/libnx/lib\libnx.a(sm.o)
 *fill*         0x0000000000002e38        0x8 
 .text.smAddOverrideHandle
                0x0000000000002e40       0x48 C:/devkitPro/libnx/lib\libnx.a(sm.o)
                0x0000000000002e40                smAddOverrideHandle
 *fill*         0x0000000000002e88        0x8 
 .text.smGetServiceOverride
                0x0000000000002e90       0x54 C:/devkitPro/libnx/lib\libnx.a(sm.o)
                0x0000000000002e90                smGetServiceOverride
 *fill*         0x0000000000002ee4        0xc 
 .text.smInitialize
                0x0000000000002ef0      0x1bc C:/devkitPro/libnx/lib\libnx.a(sm.o)
                0x0000000000002ef0                smInitialize
 *fill*         0x00000000000030ac        0x4 
 .text.smExit   0x00000000000030b0       0x44 C:/devkitPro/libnx/lib\libnx.a(sm.o)
                0x00000000000030b0                smExit
 *fill*         0x00000000000030f4        0xc 
 .text.smGetServiceOriginal
                0x0000000000003100       0xd0 C:/devkitPro/libnx/lib\libnx.a(sm.o)
                0x0000000000003100                smGetServiceOriginal
 .text.smGetServiceWrapper
                0x00000000000031d0      0x120 C:/devkitPro/libnx/lib\libnx.a(sm.o)
                0x00000000000031d0                smGetServiceWrapper
 .text.diagAbortWithResult
                0x00000000000032f0       0x1c C:/devkitPro/libnx/lib\libnx.a(diag.o)
                0x00000000000032f0                diagAbortWithResult
 *fill*         0x000000000000330c        0x4 
 .text.envSetup
                0x0000000000003310      0x208 C:/devkitPro/libnx/lib\libnx.a(env.o)
                0x0000000000003310                envSetup
 *fill*         0x0000000000003518        0x8 
 .text.envGetMainThreadHandle
                0x0000000000003520       0x20 C:/devkitPro/libnx/lib\libnx.a(env.o)
                0x0000000000003520                envGetMainThreadHandle
 .text.envIsNso
                0x0000000000003540        0xc C:/devkitPro/libnx/lib\libnx.a(env.o)
                0x0000000000003540                envIsNso
 *fill*         0x000000000000354c        0x4 
 .text.envHasHeapOverride
                0x0000000000003550       0x14 C:/devkitPro/libnx/lib\libnx.a(env.o)
                0x0000000000003550                envHasHeapOverride
 *fill*         0x0000000000003564        0xc 
 .text.envGetHeapOverrideAddr
                0x0000000000003570        0xc C:/devkitPro/libnx/lib\libnx.a(env.o)
                0x0000000000003570                envGetHeapOverrideAddr
 *fill*         0x000000000000357c        0x4 
 .text.envGetHeapOverrideSize
                0x0000000000003580        0xc C:/devkitPro/libnx/lib\libnx.a(env.o)
                0x0000000000003580                envGetHeapOverrideSize
 *fill*         0x000000000000358c        0x4 
 .text.envHasArgv
                0x0000000000003590       0x14 C:/devkitPro/libnx/lib\libnx.a(env.o)
                0x0000000000003590                envHasArgv
 *fill*         0x00000000000035a4        0xc 
 .text.envGetArgv
                0x00000000000035b0        0xc C:/devkitPro/libnx/lib\libnx.a(env.o)
                0x00000000000035b0                envGetArgv
 *fill*         0x00000000000035bc        0x4 
 .text.envGetExitFuncPtr
                0x00000000000035c0        0xc C:/devkitPro/libnx/lib\libnx.a(env.o)
                0x00000000000035c0                envGetExitFuncPtr
 *fill*         0x00000000000035cc        0x4 
 .text.envSetExitFuncPtr
                0x00000000000035d0        0xc C:/devkitPro/libnx/lib\libnx.a(env.o)
                0x00000000000035d0                envSetExitFuncPtr
 *fill*         0x00000000000035dc        0x4 
 .text.envHasRandomSeed
                0x00000000000035e0        0xc C:/devkitPro/libnx/lib\libnx.a(env.o)
                0x00000000000035e0                envHasRandomSeed
 *fill*         0x00000000000035ec        0x4 
 .text.envGetRandomSeed
                0x00000000000035f0       0x10 C:/devkitPro/libnx/lib\libnx.a(env.o)
                0x00000000000035f0                envGetRandomSeed
 .text.hosversionGet
                0x0000000000003600       0x14 C:/devkitPro/libnx/lib\libnx.a(hosversion.o)
                0x0000000000003600                hosversionGet
 *fill*         0x0000000000003614        0xc 
 .text.hosversionSet
                0x0000000000003620       0x10 C:/devkitPro/libnx/lib\libnx.a(hosversion.o)
                0x0000000000003620                hosversionSet
 .text.padConfigureInput
                0x0000000000003630       0x9c C:/devkitPro/libnx/lib\libnx.a(pad.o)
                0x0000000000003630                padConfigureInput
 *fill*         0x00000000000036cc        0x4 
 .text.padInitializeWithMask
                0x00000000000036d0       0x24 C:/devkitPro/libnx/lib\libnx.a(pad.o)
                0x00000000000036d0                padInitializeWithMask
 *fill*         0x00000000000036f4        0xc 
 .text.padUpdate
                0x0000000000003700      0x2a8 C:/devkitPro/libnx/lib\libnx.a(pad.o)
                0x0000000000003700                padUpdate
 *fill*         0x00000000000039a8        0x8 
 .text.consoleDrawChar
                0x00000000000039b0       0x48 C:/devkitPro/libnx/lib\libnx.a(console.o)
 *fill*         0x00000000000039f8        0x8 
 .text.parseColor
                0x0000000000003a00      0x20c C:/devkitPro/libnx/lib\libnx.a(console.o)
 *fill*         0x0000000000003c0c        0x4 
 .text.consoleNewRow
                0x0000000000003c10       0xb0 C:/devkitPro/libnx/lib\libnx.a(console.o)
 .text.con_write
                0x0000000000003cc0      0xc44 C:/devkitPro/libnx/lib\libnx.a(console.o)
 *fill*         0x0000000000004904        0xc 
 .text.consoleInit
                0x0000000000004910      0x154 C:/devkitPro/libnx/lib\libnx.a(console.o)
                0x0000000000004910                consoleInit
 *fill*         0x0000000000004a64        0xc 
 .text.consoleExit
                0x0000000000004a70       0x48 C:/devkitPro/libnx/lib\libnx.a(console.o)
                0x0000000000004a70                consoleExit
 *fill*         0x0000000000004ab8        0x8 
 .text.consoleUpdate
                0x0000000000004ac0       0x2c C:/devkitPro/libnx/lib\libnx.a(console.o)
                0x0000000000004ac0                consoleUpdate
 *fill*         0x0000000000004aec        0x4 
 .text.ConsoleSwRenderer_drawChar
                0x0000000000004af0      0x1c8 C:/devkitPro/libnx/lib\libnx.a(console_sw.o)
 *fill*         0x0000000000004cb8        0x8 
 .text.ConsoleSwRenderer_init
                0x0000000000004cc0       0xfc C:/devkitPro/libnx/lib\libnx.a(console_sw.o)
 *fill*         0x0000000000004dbc        0x4 
 .text.ConsoleSwRenderer_flushAndSwap
                0x0000000000004dc0       0x70 C:/devkitPro/libnx/lib\libnx.a(console_sw.o)
 .text.ConsoleSwRenderer_scrollWindow
                0x0000000000004e30       0xd4 C:/devkitPro/libnx/lib\libnx.a(console_sw.o)
 *fill*         0x0000000000004f04        0xc 
 .text.ConsoleSwRenderer_deinit
                0x0000000000004f10       0x4c C:/devkitPro/libnx/lib\libnx.a(console_sw.o)
 *fill*         0x0000000000004f5c        0x4 
 .text.getDefaultConsoleRenderer
                0x0000000000004f60        0xc C:/devkitPro/libnx/lib\libnx.a(console_sw.o)
                0x0000000000004f60                getDefaultConsoleRenderer
 .text.svcSetHeapSize
                0x0000000000004f6c       0x14 C:/devkitPro/libnx/lib\libnx.a(svc.o)
                0x0000000000004f6c                svcSetHeapSize
 .text.svcSetMemoryPermission
                0x0000000000004f80        0x8 C:/devkitPro/libnx/lib\libnx.a(svc.o)
                0x0000000000004f80                svcSetMemoryPermission
 .text.svcSetMemoryAttribute
                0x0000000000004f88        0x8 C:/devkitPro/libnx/lib\libnx.a(svc.o)
                0x0000000000004f88                svcSetMemoryAttribute
 .text.svcUnmapMemory
                0x0000000000004f90        0x8 C:/devkitPro/libnx/lib\libnx.a(svc.o)
                0x0000000000004f90                svcUnmapMemory
 .text.svcQueryMemory
                0x0000000000004f98       0x14 C:/devkitPro/libnx/lib\libnx.a(svc.o)
                0x0000000000004f98                svcQueryMemory
 .text.svcExitProcess
                0x0000000000004fac        0x8 C:/devkitPro/libnx/lib\libnx.a(svc.o)
                0x0000000000004fac                svcExitProcess
 .text.svcSleepThread
                0x0000000000004fb4        0x8 C:/devkitPro/libnx/lib\libnx.a(svc.o)
                0x0000000000004fb4                svcSleepThread
 .text.svcMapSharedMemory
                0x0000000000004fbc        0x8 C:/devkitPro/libnx/lib\libnx.a(svc.o)
                0x0000000000004fbc                svcMapSharedMemory
 .text.svcUnmapSharedMemory
                0x0000000000004fc4        0x8 C:/devkitPro/libnx/lib\libnx.a(svc.o)
                0x0000000000004fc4                svcUnmapSharedMemory
 .text.svcCreateTransferMemory
                0x0000000000004fcc       0x14 C:/devkitPro/libnx/lib\libnx.a(svc.o)
                0x0000000000004fcc                svcCreateTransferMemory
 .text.svcCloseHandle
                0x0000000000004fe0        0x8 C:/devkitPro/libnx/lib\libnx.a(svc.o)
                0x0000000000004fe0                svcCloseHandle
 .text.svcResetSignal
                0x0000000000004fe8        0x8 C:/devkitPro/libnx/lib\libnx.a(svc.o)
                0x0000000000004fe8                svcResetSignal
 .text.svcWaitSynchronization
                0x0000000000004ff0       0x14 C:/devkitPro/libnx/lib\libnx.a(svc.o)
                0x0000000000004ff0                svcWaitSynchronization
 .text.svcArbitrateLock
                0x0000000000005004        0x8 C:/devkitPro/libnx/lib\libnx.a(svc.o)
                0x0000000000005004                svcArbitrateLock
 .text.svcArbitrateUnlock
                0x000000000000500c        0x8 C:/devkitPro/libnx/lib\libnx.a(svc.o)
                0x000000000000500c                svcArbitrateUnlock
 .text.svcWaitProcessWideKeyAtomic
                0x0000000000005014        0x8 C:/devkitPro/libnx/lib\libnx.a(svc.o)
                0x0000000000005014                svcWaitProcessWideKeyAtomic
 .text.svcSignalProcessWideKey
                0x000000000000501c        0x8 C:/devkitPro/libnx/lib\libnx.a(svc.o)
                0x000000000000501c                svcSignalProcessWideKey
 .text.svcConnectToNamedPort
                0x0000000000005024       0x14 C:/devkitPro/libnx/lib\libnx.a(svc.o)
                0x0000000000005024                svcConnectToNamedPort
 .text.svcSendSyncRequest
                0x0000000000005038        0x8 C:/devkitPro/libnx/lib\libnx.a(svc.o)
                0x0000000000005038                svcSendSyncRequest
 .text.svcBreak
                0x0000000000005040        0x8 C:/devkitPro/libnx/lib\libnx.a(svc.o)
                0x0000000000005040                svcBreak
 .text.svcReturnFromException
                0x0000000000005048        0x8 C:/devkitPro/libnx/lib\libnx.a(svc.o)
                0x0000000000005048                svcReturnFromException
 .text.svcGetInfo
                0x0000000000005050       0x14 C:/devkitPro/libnx/lib\libnx.a(svc.o)
                0x0000000000005050                svcGetInfo
 .text.svcUnmapTransferMemory
                0x0000000000005064        0x8 C:/devkitPro/libnx/lib\libnx.a(svc.o)
                0x0000000000005064                svcUnmapTransferMemory
 *fill*         0x000000000000506c        0x4 
 .text.eventLoadRemote
                0x0000000000005070        0xc C:/devkitPro/libnx/lib\libnx.a(event.o)
                0x0000000000005070                eventLoadRemote
 *fill*         0x000000000000507c        0x4 
 .text.eventWait
                0x0000000000005080       0x38 C:/devkitPro/libnx/lib\libnx.a(event.o)
                0x0000000000005080                eventWait
 *fill*         0x00000000000050b8        0x8 
 .text.eventClose
                0x00000000000050c0       0x50 C:/devkitPro/libnx/lib\libnx.a(event.o)
                0x00000000000050c0                eventClose
 .text.mutexLock
                0x0000000000005110       0x80 C:/devkitPro/libnx/lib\libnx.a(mutex.o)
                0x0000000000005110                mutexLock
 .text.mutexUnlock
                0x0000000000005190       0x68 C:/devkitPro/libnx/lib\libnx.a(mutex.o)
                0x0000000000005190                mutexUnlock
 *fill*         0x00000000000051f8        0x8 
 .text.mutexIsLockedByCurrentThread
                0x0000000000005200       0x1c C:/devkitPro/libnx/lib\libnx.a(mutex.o)
                0x0000000000005200                mutexIsLockedByCurrentThread
 *fill*         0x000000000000521c        0x4 
 .text.rmutexLock
                0x0000000000005220       0x4c C:/devkitPro/libnx/lib\libnx.a(mutex.o)
                0x0000000000005220                rmutexLock
 *fill*         0x000000000000526c        0x4 
 .text.rmutexUnlock
                0x0000000000005270       0x1c C:/devkitPro/libnx/lib\libnx.a(mutex.o)
                0x0000000000005270                rmutexUnlock
 *fill*         0x000000000000528c        0x4 
 .text.tmemCreate
                0x0000000000005290       0xa8 C:/devkitPro/libnx/lib\libnx.a(tmem.o)
                0x0000000000005290                tmemCreate
 *fill*         0x0000000000005338        0x8 
 .text.tmemUnmap
                0x0000000000005340       0x34 C:/devkitPro/libnx/lib\libnx.a(tmem.o)
                0x0000000000005340                tmemUnmap
 *fill*         0x0000000000005374        0xc 
 .text.tmemCloseHandle
                0x0000000000005380       0x38 C:/devkitPro/libnx/lib\libnx.a(tmem.o)
                0x0000000000005380                tmemCloseHandle
 *fill*         0x00000000000053b8        0x8 
 .text.tmemWaitForPermission
                0x00000000000053c0       0xc8 C:/devkitPro/libnx/lib\libnx.a(tmem.o)
                0x00000000000053c0                tmemWaitForPermission
 *fill*         0x0000000000005488        0x8 
 .text.tmemClose
                0x0000000000005490       0x54 C:/devkitPro/libnx/lib\libnx.a(tmem.o)
                0x0000000000005490                tmemClose
 *fill*         0x00000000000054e4        0xc 
 .text._memregionInitWithInfo
                0x00000000000054f0       0x64 C:/devkitPro/libnx/lib\libnx.a(virtmem.o)
 *fill*         0x0000000000005554        0xc 
 .text.__libnx_virtmem_rng
                0x0000000000005560        0x4 C:/devkitPro/libnx/lib\libnx.a(virtmem.o)
                0x0000000000005560                __libnx_virtmem_rng
 *fill*         0x0000000000005564        0xc 
 .text._memregionFindRandom
                0x0000000000005570      0x164 C:/devkitPro/libnx/lib\libnx.a(virtmem.o)
 *fill*         0x00000000000056d4        0xc 
 .text.virtmemSetup
                0x00000000000056e0      0x140 C:/devkitPro/libnx/lib\libnx.a(virtmem.o)
                0x00000000000056e0                virtmemSetup
 .text.virtmemLock
                0x0000000000005820        0xc C:/devkitPro/libnx/lib\libnx.a(virtmem.o)
                0x0000000000005820                virtmemLock
 *fill*         0x000000000000582c        0x4 
 .text.virtmemUnlock
                0x0000000000005830        0xc C:/devkitPro/libnx/lib\libnx.a(virtmem.o)
                0x0000000000005830                virtmemUnlock
 *fill*         0x000000000000583c        0x4 
 .text.virtmemFindAslr
                0x0000000000005840       0x50 C:/devkitPro/libnx/lib\libnx.a(virtmem.o)
                0x0000000000005840                virtmemFindAslr
 .text.waitObjects
                0x0000000000005890      0x56c C:/devkitPro/libnx/lib\libnx.a(wait.o)
                0x0000000000005890                waitObjects
 *fill*         0x0000000000005dfc        0x4 
 .text._apmCleanup
                0x0000000000005e00       0xc0 C:/devkitPro/libnx/lib\libnx.a(apm.o)
 .text._apmCmdGetSession.constprop.0
                0x0000000000005ec0       0xfc C:/devkitPro/libnx/lib\libnx.a(apm.o)
 *fill*         0x0000000000005fbc        0x4 
 .text.apmInitialize
                0x0000000000005fc0       0xa0 C:/devkitPro/libnx/lib\libnx.a(apm.o)
                0x0000000000005fc0                apmInitialize
 .text.apmExit  0x0000000000006060       0x44 C:/devkitPro/libnx/lib\libnx.a(apm.o)
                0x0000000000006060                apmExit
 *fill*         0x00000000000060a4        0xc 
 .text.apmSetPerformanceConfiguration
                0x00000000000060b0       0xc8 C:/devkitPro/libnx/lib\libnx.a(apm.o)
                0x00000000000060b0                apmSetPerformanceConfiguration
 *fill*         0x0000000000006178        0x8 
 .text._hidCleanup
                0x0000000000006180      0x108 C:/devkitPro/libnx/lib\libnx.a(hid.o)
 *fill*         0x0000000000006288        0x8 
 .text._hidCmdInAruidNoOut
                0x0000000000006290       0xd8 C:/devkitPro/libnx/lib\libnx.a(hid.o)
 *fill*         0x0000000000006368        0x8 
 .text._hidCmdInU32AruidNoOut
                0x0000000000006370       0xe4 C:/devkitPro/libnx/lib\libnx.a(hid.o)
 *fill*         0x0000000000006454        0xc 
 .text._hidGetStates
                0x0000000000006460      0x1a4 C:/devkitPro/libnx/lib\libnx.a(hid.o)
 *fill*         0x0000000000006604        0xc 
 .text._hidCreateAppletResource.constprop.0
                0x0000000000006610      0x114 C:/devkitPro/libnx/lib\libnx.a(hid.o)
 *fill*         0x0000000000006724        0xc 
 .text._hidCmdGetHandle.constprop.0
                0x0000000000006730       0xc8 C:/devkitPro/libnx/lib\libnx.a(hid.o)
 *fill*         0x00000000000067f8        0x8 
 .text.hidInitialize
                0x0000000000006800       0xdc C:/devkitPro/libnx/lib\libnx.a(hid.o)
                0x0000000000006800                hidInitialize
 *fill*         0x00000000000068dc        0x4 
 .text.hidExit  0x00000000000068e0       0x44 C:/devkitPro/libnx/lib\libnx.a(hid.o)
                0x00000000000068e0                hidExit
 *fill*         0x0000000000006924        0xc 
 .text.hidGetSharedmemAddr
                0x0000000000006930        0xc C:/devkitPro/libnx/lib\libnx.a(hid.o)
                0x0000000000006930                hidGetSharedmemAddr
 *fill*         0x000000000000693c        0x4 
 .text.hidGetNpadStyleSet
                0x0000000000006940       0x90 C:/devkitPro/libnx/lib\libnx.a(hid.o)
                0x0000000000006940                hidGetNpadStyleSet
 .text.hidInitializeNpad
                0x00000000000069d0       0x80 C:/devkitPro/libnx/lib\libnx.a(hid.o)
                0x00000000000069d0                hidInitializeNpad
 .text.hidGetNpadStatesFullKey
                0x0000000000006a50       0xa8 C:/devkitPro/libnx/lib\libnx.a(hid.o)
                0x0000000000006a50                hidGetNpadStatesFullKey
 *fill*         0x0000000000006af8        0x8 
 .text.hidGetNpadStatesHandheld
                0x0000000000006b00       0xa8 C:/devkitPro/libnx/lib\libnx.a(hid.o)
                0x0000000000006b00                hidGetNpadStatesHandheld
 *fill*         0x0000000000006ba8        0x8 
 .text.hidGetNpadStatesJoyDual
                0x0000000000006bb0       0xa8 C:/devkitPro/libnx/lib\libnx.a(hid.o)
                0x0000000000006bb0                hidGetNpadStatesJoyDual
 *fill*         0x0000000000006c58        0x8 
 .text.hidGetNpadStatesJoyLeft
                0x0000000000006c60       0xa8 C:/devkitPro/libnx/lib\libnx.a(hid.o)
                0x0000000000006c60                hidGetNpadStatesJoyLeft
 *fill*         0x0000000000006d08        0x8 
 .text.hidGetNpadStatesJoyRight
                0x0000000000006d10       0xa8 C:/devkitPro/libnx/lib\libnx.a(hid.o)
                0x0000000000006d10                hidGetNpadStatesJoyRight
 *fill*         0x0000000000006db8        0x8 
 .text.hidGetNpadStatesGc
                0x0000000000006dc0      0x158 C:/devkitPro/libnx/lib\libnx.a(hid.o)
                0x0000000000006dc0                hidGetNpadStatesGc
 *fill*         0x0000000000006f18        0x8 
 .text.hidGetNpadStatesSystemExt
                0x0000000000006f20       0xac C:/devkitPro/libnx/lib\libnx.a(hid.o)
                0x0000000000006f20                hidGetNpadStatesSystemExt
 *fill*         0x0000000000006fcc        0x4 
 .text.hidSetSupportedNpadStyleSet
                0x0000000000006fd0        0x8 C:/devkitPro/libnx/lib\libnx.a(hid.o)
                0x0000000000006fd0                hidSetSupportedNpadStyleSet
 *fill*         0x0000000000006fd8        0x8 
 .text.hidSetSupportedNpadIdType
                0x0000000000006fe0      0x100 C:/devkitPro/libnx/lib\libnx.a(hid.o)
                0x0000000000006fe0                hidSetSupportedNpadIdType
 .text.nwindowGetDefault
                0x00000000000070e0        0xc C:/devkitPro/libnx/lib\libnx.a(default_window.o)
                0x00000000000070e0                nwindowGetDefault
 *fill*         0x00000000000070ec        0x4 
 .text.__nx_win_init
                0x00000000000070f0       0xb0 C:/devkitPro/libnx/lib\libnx.a(default_window.o)
                0x00000000000070f0                __nx_win_init
 .text.__nx_win_exit
                0x00000000000071a0       0x34 C:/devkitPro/libnx/lib\libnx.a(default_window.o)
                0x00000000000071a0                __nx_win_exit
 *fill*         0x00000000000071d4        0xc 
 .text.framebufferMakeLinear
                0x00000000000071e0       0x8c C:/devkitPro/libnx/lib\libnx.a(framebuffer.o)
                0x00000000000071e0                framebufferMakeLinear
 *fill*         0x000000000000726c        0x4 
 .text.framebufferClose
                0x0000000000007270       0x80 C:/devkitPro/libnx/lib\libnx.a(framebuffer.o)
                0x0000000000007270                framebufferClose
 .text.framebufferCreate
                0x00000000000072f0      0x2b4 C:/devkitPro/libnx/lib\libnx.a(framebuffer.o)
                0x00000000000072f0                framebufferCreate
 *fill*         0x00000000000075a4        0xc 
 .text.framebufferBegin
                0x00000000000075b0       0x88 C:/devkitPro/libnx/lib\libnx.a(framebuffer.o)
                0x00000000000075b0                framebufferBegin
 *fill*         0x0000000000007638        0x8 
 .text.framebufferEnd
                0x0000000000007640      0x18c C:/devkitPro/libnx/lib\libnx.a(framebuffer.o)
                0x0000000000007640                framebufferEnd
 *fill*         0x00000000000077cc        0x4 
 .text.nwindowIsValid
                0x00000000000077d0       0x24 C:/devkitPro/libnx/lib\libnx.a(native_window.o)
                0x00000000000077d0                nwindowIsValid
 *fill*         0x00000000000077f4        0xc 
 .text.nwindowClose
                0x0000000000007800       0x7c C:/devkitPro/libnx/lib\libnx.a(native_window.o)
                0x0000000000007800                nwindowClose
 *fill*         0x000000000000787c        0x4 
 .text.nwindowCreate
                0x0000000000007880       0xf4 C:/devkitPro/libnx/lib\libnx.a(native_window.o)
                0x0000000000007880                nwindowCreate
 *fill*         0x0000000000007974        0xc 
 .text.nwindowCreateFromLayer
                0x0000000000007980       0x34 C:/devkitPro/libnx/lib\libnx.a(native_window.o)
                0x0000000000007980                nwindowCreateFromLayer
 *fill*         0x00000000000079b4        0xc 
 .text.nwindowSetDimensions
                0x00000000000079c0       0x84 C:/devkitPro/libnx/lib\libnx.a(native_window.o)
                0x00000000000079c0                nwindowSetDimensions
 *fill*         0x0000000000007a44        0xc 
 .text.nwindowConfigureBuffer
                0x0000000000007a50      0x18c C:/devkitPro/libnx/lib\libnx.a(native_window.o)
                0x0000000000007a50                nwindowConfigureBuffer
 *fill*         0x0000000000007bdc        0x4 
 .text.nwindowDequeueBuffer
                0x0000000000007be0      0x1e0 C:/devkitPro/libnx/lib\libnx.a(native_window.o)
                0x0000000000007be0                nwindowDequeueBuffer
 .text.nwindowQueueBuffer
                0x0000000000007dc0      0x13c C:/devkitPro/libnx/lib\libnx.a(native_window.o)
                0x0000000000007dc0                nwindowQueueBuffer
 *fill*         0x0000000000007efc        0x4 
 .text.nwindowReleaseBuffers
                0x0000000000007f00       0xbc C:/devkitPro/libnx/lib\libnx.a(native_window.o)
                0x0000000000007f00                nwindowReleaseBuffers
 *fill*         0x0000000000007fbc        0x4 
 .text.__libnx_alloc
                0x0000000000007fc0        0x4 C:/devkitPro/libnx/lib\libnx.a(alloc.o)
                0x0000000000007fc0                __libnx_alloc
 *fill*         0x0000000000007fc4        0xc 
 .text.__libnx_aligned_alloc
                0x0000000000007fd0       0x14 C:/devkitPro/libnx/lib\libnx.a(alloc.o)
                0x0000000000007fd0                __libnx_aligned_alloc
 *fill*         0x0000000000007fe4        0xc 
 .text.__libnx_free
                0x0000000000007ff0        0x4 C:/devkitPro/libnx/lib\libnx.a(alloc.o)
                0x0000000000007ff0                __libnx_free
 *fill*         0x0000000000007ff4        0xc 
 .text.argvSetup
                0x0000000000008000      0x340 C:/devkitPro/libnx/lib\libnx.a(argv.o)
                0x0000000000008000                argvSetup
 .text.__nx_dynamic
                0x0000000000008340      0x208 C:/devkitPro/libnx/lib\libnx.a(dynamic.o)
                0x0000000000008340                __nx_dynamic
 *fill*         0x0000000000008548        0x8 
 .text.__libnx_initheap
                0x0000000000008550       0xd4 C:/devkitPro/libnx/lib\libnx.a(init.o)
                0x0000000000008550                __libnx_initheap
 *fill*         0x0000000000008624        0xc 
 .text.__appInit
                0x0000000000008630       0xec C:/devkitPro/libnx/lib\libnx.a(init.o)
                0x0000000000008630                __appInit
 *fill*         0x000000000000871c        0x4 
 .text.__appExit
                0x0000000000008720       0x44 C:/devkitPro/libnx/lib\libnx.a(init.o)
                0x0000000000008720                __appExit
 *fill*         0x0000000000008764        0xc 
 .text.__libnx_init
                0x0000000000008770       0x2c C:/devkitPro/libnx/lib\libnx.a(init.o)
                0x0000000000008770                __libnx_init
 *fill*         0x000000000000879c        0x4 
 .text.__libnx_exit
                0x00000000000087a0       0x1c C:/devkitPro/libnx/lib\libnx.a(init.o)
                0x00000000000087a0                __libnx_exit
 *fill*         0x00000000000087bc        0x4 
 .text.__syscall_exit
                0x00000000000087c0       0x1c C:/devkitPro/libnx/lib\libnx.a(newlib.o)
                0x00000000000087c0                __syscall_exit
 *fill*         0x00000000000087dc        0x4 
 .text.__syscall_getreent
                0x00000000000087e0       0x30 C:/devkitPro/libnx/lib\libnx.a(newlib.o)
                0x00000000000087e0                __syscall_getreent
 .text.__syscall_lock_acquire
                0x0000000000008810        0x4 C:/devkitPro/libnx/lib\libnx.a(newlib.o)
                0x0000000000008810                __syscall_lock_acquire
 *fill*         0x0000000000008814        0xc 
 .text.__syscall_lock_release
                0x0000000000008820        0x4 C:/devkitPro/libnx/lib\libnx.a(newlib.o)
                0x0000000000008820                __syscall_lock_release
 *fill*         0x0000000000008824        0xc 
 .text.__syscall_lock_acquire_recursive
                0x0000000000008830        0x4 C:/devkitPro/libnx/lib\libnx.a(newlib.o)
                0x0000000000008830                __syscall_lock_acquire_recursive
 *fill*         0x0000000000008834        0xc 
 .text.__syscall_lock_release_recursive
                0x0000000000008840        0x4 C:/devkitPro/libnx/lib\libnx.a(newlib.o)
                0x0000000000008840                __syscall_lock_release_recursive
 *fill*         0x0000000000008844        0xc 
 .text.__libnx_init_time
                0x0000000000008850      0x238 C:/devkitPro/libnx/lib\libnx.a(newlib.o)
                0x0000000000008850                __libnx_init_time
 *fill*         0x0000000000008a88        0x8 
 .text.newlibSetup
                0x0000000000008a90       0x9c C:/devkitPro/libnx/lib\libnx.a(newlib.o)
                0x0000000000008a90                newlibSetup
 *fill*         0x0000000000008b2c        0x4 
 .text.nxlinkSetup
                0x0000000000008b30       0xc4 C:/devkitPro/libnx/lib\libnx.a(nxlink.o)
                0x0000000000008b30                nxlinkSetup
 *fill*         0x0000000000008bf4        0xc 
 .text.fsdev_link
                0x0000000000008c00       0x14 C:/devkitPro/libnx/lib\libnx.a(fs_dev.o)
 *fill*         0x0000000000008c14        0xc 
 .text.fsdev_dirreset
                0x0000000000008c20       0x14 C:/devkitPro/libnx/lib\libnx.a(fs_dev.o)
 *fill*         0x0000000000008c34        0xc 
 .text.fsdev_chmod
                0x0000000000008c40       0x14 C:/devkitPro/libnx/lib\libnx.a(fs_dev.o)
 *fill*         0x0000000000008c54        0xc 
 .text.error_cmp
                0x0000000000008c60       0x18 C:/devkitPro/libnx/lib\libnx.a(fs_dev.o)
 *fill*         0x0000000000008c78        0x8 
 .text.fsdev_dirclose
                0x0000000000008c80       0x20 C:/devkitPro/libnx/lib\libnx.a(fs_dev.o)
 .text.fsdev_close
                0x0000000000008ca0       0x1c C:/devkitPro/libnx/lib\libnx.a(fs_dev.o)
 *fill*         0x0000000000008cbc        0x4 
 .text.fsdev_converttimetoutc
                0x0000000000008cc0       0x7c C:/devkitPro/libnx/lib\libnx.a(fs_dev.o)
 *fill*         0x0000000000008d3c        0x4 
 .text.fsdevFindDevice.part.0
                0x0000000000008d40       0xdc C:/devkitPro/libnx/lib\libnx.a(fs_dev.o)
 *fill*         0x0000000000008e1c        0x4 
 .text.fsdev_fixpath
                0x0000000000008e20      0x1d4 C:/devkitPro/libnx/lib\libnx.a(fs_dev.o)
 *fill*         0x0000000000008ff4        0xc 
 .text._fsdevUnmountDeviceStruct.part.0
                0x0000000000009000       0xa0 C:/devkitPro/libnx/lib\libnx.a(fs_dev.o)
 .text.fsdev_fchmod
                0x00000000000090a0       0x14 C:/devkitPro/libnx/lib\libnx.a(fs_dev.o)
 *fill*         0x00000000000090b4        0xc 
 .text.fsdev_diropen
                0x00000000000090c0       0xfc C:/devkitPro/libnx/lib\libnx.a(fs_dev.o)
 *fill*         0x00000000000091bc        0x4 
 .text.fsdev_statvfs
                0x00000000000091c0      0x100 C:/devkitPro/libnx/lib\libnx.a(fs_dev.o)
 .text.fsdev_fsync
                0x00000000000092c0       0x7c C:/devkitPro/libnx/lib\libnx.a(fs_dev.o)
 *fill*         0x000000000000933c        0x4 
 .text.fsdev_fstat
                0x0000000000009340       0xf4 C:/devkitPro/libnx/lib\libnx.a(fs_dev.o)
 *fill*         0x0000000000009434        0xc 
 .text.fsdev_ftruncate
                0x0000000000009440       0x94 C:/devkitPro/libnx/lib\libnx.a(fs_dev.o)
 *fill*         0x00000000000094d4        0xc 
 .text.fsdev_stat
                0x00000000000094e0      0x1fc C:/devkitPro/libnx/lib\libnx.a(fs_dev.o)
 *fill*         0x00000000000096dc        0x4 
 .text.fsdev_rename
                0x00000000000096e0      0x14c C:/devkitPro/libnx/lib\libnx.a(fs_dev.o)
 *fill*         0x000000000000982c        0x4 
 .text.fsdev_chdir
                0x0000000000009830      0x140 C:/devkitPro/libnx/lib\libnx.a(fs_dev.o)
 .text.fsdev_rmdir
                0x0000000000009970       0xa4 C:/devkitPro/libnx/lib\libnx.a(fs_dev.o)
 *fill*         0x0000000000009a14        0xc 
 .text.fsdev_mkdir
                0x0000000000009a20       0xa4 C:/devkitPro/libnx/lib\libnx.a(fs_dev.o)
 *fill*         0x0000000000009ac4        0xc 
 .text.fsdev_unlink
                0x0000000000009ad0       0xa4 C:/devkitPro/libnx/lib\libnx.a(fs_dev.o)
 *fill*         0x0000000000009b74        0xc 
 .text.fsdev_write_safe
                0x0000000000009b80      0x144 C:/devkitPro/libnx/lib\libnx.a(fs_dev.o)
 *fill*         0x0000000000009cc4        0xc 
 .text.fsdev_read_safe
                0x0000000000009cd0      0x13c C:/devkitPro/libnx/lib\libnx.a(fs_dev.o)
 *fill*         0x0000000000009e0c        0x4 
 .text.fsdev_read
                0x0000000000009e10      0x100 C:/devkitPro/libnx/lib\libnx.a(fs_dev.o)
 .text.fsdev_dirnext
                0x0000000000009f10      0x1cc C:/devkitPro/libnx/lib\libnx.a(fs_dev.o)
 *fill*         0x000000000000a0dc        0x4 
 .text.fsdev_write
                0x000000000000a0e0      0x124 C:/devkitPro/libnx/lib\libnx.a(fs_dev.o)
 *fill*         0x000000000000a204        0xc 
 .text.fsdev_seek
                0x000000000000a210       0xe0 C:/devkitPro/libnx/lib\libnx.a(fs_dev.o)
 .text.fsdev_open
                0x000000000000a2f0      0x250 C:/devkitPro/libnx/lib\libnx.a(fs_dev.o)
 .text.fsdevMountDevice
                0x000000000000a540      0x228 C:/devkitPro/libnx/lib\libnx.a(fs_dev.o)
                0x000000000000a540                fsdevMountDevice
 *fill*         0x000000000000a768        0x8 
 .text.fsdevMountSdmc
                0x000000000000a770       0x40 C:/devkitPro/libnx/lib\libnx.a(fs_dev.o)
                0x000000000000a770                fsdevMountSdmc
 .text.__libnx_init_cwd
                0x000000000000a7b0       0xc0 C:/devkitPro/libnx/lib\libnx.a(fs_dev.o)
                0x000000000000a7b0                __libnx_init_cwd
 .text.fsdevUnmountAll
                0x000000000000a870       0x64 C:/devkitPro/libnx/lib\libnx.a(fs_dev.o)
                0x000000000000a870                fsdevUnmountAll
 *fill*         0x000000000000a8d4        0xc 
 .text.decode_utf8
                0x000000000000a8e0      0x12c C:/devkitPro/libnx/lib\libnx.a(decode_utf8.o)
                0x000000000000a8e0                decode_utf8
 .text.armDCacheFlush
                0x000000000000aa0c       0x4c C:/devkitPro/libnx/lib\libnx.a(cache.o)
                0x000000000000aa0c                armDCacheFlush
 .text.__libnx_exception_entry
                0x000000000000aa58      0x1c0 C:/devkitPro/libnx/lib\libnx.a(exception.o)
                0x000000000000aa58                __libnx_exception_entry
 .text.__libnx_exception_returnentry
                0x000000000000ac18       0x18 C:/devkitPro/libnx/lib\libnx.a(exception.o)
                0x000000000000ac18                __libnx_exception_returnentry
 .text.__aarch64_read_tp
                0x000000000000ac30        0xc C:/devkitPro/libnx/lib\libnx.a(readtp.o)
                0x000000000000ac30                __aarch64_read_tp
 *fill*         0x000000000000ac3c        0x4 
 .text.condvarWaitTimeout
                0x000000000000ac40       0x64 C:/devkitPro/libnx/lib\libnx.a(condvar.o)
                0x000000000000ac40                condvarWaitTimeout
 *fill*         0x000000000000aca4        0xc 
 .text.randomGet
                0x000000000000acb0      0x3c4 C:/devkitPro/libnx/lib\libnx.a(random.o)
                0x000000000000acb0                randomGet
 *fill*         0x000000000000b074        0xc 
 .text.randomGet64
                0x000000000000b080       0x20 C:/devkitPro/libnx/lib\libnx.a(random.o)
                0x000000000000b080                randomGet64
 .text.shmemLoadRemote
                0x000000000000b0a0       0x14 C:/devkitPro/libnx/lib\libnx.a(shmem.o)
                0x000000000000b0a0                shmemLoadRemote
 *fill*         0x000000000000b0b4        0xc 
 .text.shmemMap
                0x000000000000b0c0       0x88 C:/devkitPro/libnx/lib\libnx.a(shmem.o)
                0x000000000000b0c0                shmemMap
 *fill*         0x000000000000b148        0x8 
 .text.shmemUnmap
                0x000000000000b150       0x34 C:/devkitPro/libnx/lib\libnx.a(shmem.o)
                0x000000000000b150                shmemUnmap
 *fill*         0x000000000000b184        0xc 
 .text.shmemClose
                0x000000000000b190       0x44 C:/devkitPro/libnx/lib\libnx.a(shmem.o)
                0x000000000000b190                shmemClose
 *fill*         0x000000000000b1d4        0xc 
 .text.__libnx_init_thread
                0x000000000000b1e0       0xb0 C:/devkitPro/libnx/lib\libnx.a(thread.o)
                0x000000000000b1e0                __libnx_init_thread
 .text._fsCleanup
                0x000000000000b290       0xb4 C:/devkitPro/libnx/lib\libnx.a(fs.o)
 *fill*         0x000000000000b344        0xc 
 .text._fsCmdNoIO
                0x000000000000b350      0x1ac C:/devkitPro/libnx/lib\libnx.a(fs.o)
 *fill*         0x000000000000b4fc        0x4 
 .text._fsFsCmdWithInPath
                0x000000000000b500      0x1d4 C:/devkitPro/libnx/lib\libnx.a(fs.o)
 *fill*         0x000000000000b6d4        0xc 
 .text._fsFsCmdWithTwoInPaths
                0x000000000000b6e0      0x1f0 C:/devkitPro/libnx/lib\libnx.a(fs.o)
 .text._fsFsOpenCommon
                0x000000000000b8d0      0x26c C:/devkitPro/libnx/lib\libnx.a(fs.o)
 *fill*         0x000000000000bb3c        0x4 
 .text._fsFsCmdWithInPathAndOutU64
                0x000000000000bb40      0x1e8 C:/devkitPro/libnx/lib\libnx.a(fs.o)
 *fill*         0x000000000000bd28        0x8 
 .text._fsObjectClose
                0x000000000000bd30       0xf4 C:/devkitPro/libnx/lib\libnx.a(fs.o)
 *fill*         0x000000000000be24        0xc 
 .text._fsCmdGetSession.constprop.0
                0x000000000000be30      0x17c C:/devkitPro/libnx/lib\libnx.a(fs.o)
 *fill*         0x000000000000bfac        0x4 
 .text.fsInitialize
                0x000000000000bfb0      0x2f8 C:/devkitPro/libnx/lib\libnx.a(fs.o)
                0x000000000000bfb0                fsInitialize
 *fill*         0x000000000000c2a8        0x8 
 .text.fsExit   0x000000000000c2b0       0x44 C:/devkitPro/libnx/lib\libnx.a(fs.o)
                0x000000000000c2b0                fsExit
 *fill*         0x000000000000c2f4        0xc 
 .text.fsOpenSdCardFileSystem
                0x000000000000c300        0x8 C:/devkitPro/libnx/lib\libnx.a(fs.o)
                0x000000000000c300                fsOpenSdCardFileSystem
 *fill*         0x000000000000c308        0x8 
 .text.fsFsCreateFile
                0x000000000000c310      0x1e4 C:/devkitPro/libnx/lib\libnx.a(fs.o)
                0x000000000000c310                fsFsCreateFile
 *fill*         0x000000000000c4f4        0xc 
 .text.fsFsDeleteFile
                0x000000000000c500        0x8 C:/devkitPro/libnx/lib\libnx.a(fs.o)
                0x000000000000c500                fsFsDeleteFile
 *fill*         0x000000000000c508        0x8 
 .text.fsFsCreateDirectory
                0x000000000000c510        0x8 C:/devkitPro/libnx/lib\libnx.a(fs.o)
                0x000000000000c510                fsFsCreateDirectory
 *fill*         0x000000000000c518        0x8 
 .text.fsFsDeleteDirectory
                0x000000000000c520        0x8 C:/devkitPro/libnx/lib\libnx.a(fs.o)
                0x000000000000c520                fsFsDeleteDirectory
 *fill*         0x000000000000c528        0x8 
 .text.fsFsRenameFile
                0x000000000000c530        0x8 C:/devkitPro/libnx/lib\libnx.a(fs.o)
                0x000000000000c530                fsFsRenameFile
 *fill*         0x000000000000c538        0x8 
 .text.fsFsRenameDirectory
                0x000000000000c540        0x8 C:/devkitPro/libnx/lib\libnx.a(fs.o)
                0x000000000000c540                fsFsRenameDirectory
 *fill*         0x000000000000c548        0x8 
 .text.fsFsGetEntryType
                0x000000000000c550      0x1e8 C:/devkitPro/libnx/lib\libnx.a(fs.o)
                0x000000000000c550                fsFsGetEntryType
 *fill*         0x000000000000c738        0x8 
 .text.fsFsOpenFile
                0x000000000000c740        0x8 C:/devkitPro/libnx/lib\libnx.a(fs.o)
                0x000000000000c740                fsFsOpenFile
 *fill*         0x000000000000c748        0x8 
 .text.fsFsOpenDirectory
                0x000000000000c750        0x8 C:/devkitPro/libnx/lib\libnx.a(fs.o)
                0x000000000000c750                fsFsOpenDirectory
 *fill*         0x000000000000c758        0x8 
 .text.fsFsGetFreeSpace
                0x000000000000c760        0x8 C:/devkitPro/libnx/lib\libnx.a(fs.o)
                0x000000000000c760                fsFsGetFreeSpace
 *fill*         0x000000000000c768        0x8 
 .text.fsFsGetTotalSpace
                0x000000000000c770        0x8 C:/devkitPro/libnx/lib\libnx.a(fs.o)
                0x000000000000c770                fsFsGetTotalSpace
 *fill*         0x000000000000c778        0x8 
 .text.fsFsGetFileTimeStampRaw
                0x000000000000c780      0x228 C:/devkitPro/libnx/lib\libnx.a(fs.o)
                0x000000000000c780                fsFsGetFileTimeStampRaw
 *fill*         0x000000000000c9a8        0x8 
 .text.fsFsClose
                0x000000000000c9b0        0x4 C:/devkitPro/libnx/lib\libnx.a(fs.o)
                0x000000000000c9b0                fsFsClose
 *fill*         0x000000000000c9b4        0xc 
 .text.fsFileRead
                0x000000000000c9c0      0x210 C:/devkitPro/libnx/lib\libnx.a(fs.o)
                0x000000000000c9c0                fsFileRead
 .text.fsFileWrite
                0x000000000000cbd0      0x1f8 C:/devkitPro/libnx/lib\libnx.a(fs.o)
                0x000000000000cbd0                fsFileWrite
 *fill*         0x000000000000cdc8        0x8 
 .text.fsFileFlush
                0x000000000000cdd0        0x8 C:/devkitPro/libnx/lib\libnx.a(fs.o)
                0x000000000000cdd0                fsFileFlush
 *fill*         0x000000000000cdd8        0x8 
 .text.fsFileSetSize
                0x000000000000cde0      0x1b8 C:/devkitPro/libnx/lib\libnx.a(fs.o)
                0x000000000000cde0                fsFileSetSize
 *fill*         0x000000000000cf98        0x8 
 .text.fsFileGetSize
                0x000000000000cfa0      0x1c0 C:/devkitPro/libnx/lib\libnx.a(fs.o)
                0x000000000000cfa0                fsFileGetSize
 .text.fsFileClose
                0x000000000000d160        0x4 C:/devkitPro/libnx/lib\libnx.a(fs.o)
                0x000000000000d160                fsFileClose
 *fill*         0x000000000000d164        0xc 
 .text.fsDirClose
                0x000000000000d170        0x4 C:/devkitPro/libnx/lib\libnx.a(fs.o)
                0x000000000000d170                fsDirClose
 *fill*         0x000000000000d174        0xc 
 .text.fsDirRead
                0x000000000000d180      0x1f8 C:/devkitPro/libnx/lib\libnx.a(fs.o)
                0x000000000000d180                fsDirRead
 *fill*         0x000000000000d378        0x8 
 .text._nvSetClientPID
                0x000000000000d380       0xd0 C:/devkitPro/libnx/lib\libnx.a(nv.o)
 .text._nvCleanup
                0x000000000000d450       0xc8 C:/devkitPro/libnx/lib\libnx.a(nv.o)
 *fill*         0x000000000000d518        0x8 
 .text._nvCmdInitialize.constprop.0
                0x000000000000d520       0xd8 C:/devkitPro/libnx/lib\libnx.a(nv.o)
 *fill*         0x000000000000d5f8        0x8 
 .text.__nx_nv_create_tmem
                0x000000000000d600       0x1c C:/devkitPro/libnx/lib\libnx.a(nv.o)
                0x000000000000d600                __nx_nv_create_tmem
 *fill*         0x000000000000d61c        0x4 
 .text.nvInitialize
                0x000000000000d620      0x2d8 C:/devkitPro/libnx/lib\libnx.a(nv.o)
                0x000000000000d620                nvInitialize
 *fill*         0x000000000000d8f8        0x8 
 .text.nvExit   0x000000000000d900       0x44 C:/devkitPro/libnx/lib\libnx.a(nv.o)
                0x000000000000d900                nvExit
 *fill*         0x000000000000d944        0xc 
 .text.nvConvertError
                0x000000000000d950       0xf4 C:/devkitPro/libnx/lib\libnx.a(nv.o)
                0x000000000000d950                nvConvertError
 *fill*         0x000000000000da44        0xc 
 .text.nvOpen   0x000000000000da50      0x118 C:/devkitPro/libnx/lib\libnx.a(nv.o)
                0x000000000000da50                nvOpen
 *fill*         0x000000000000db68        0x8 
 .text.nvIoctl  0x000000000000db70      0x2f8 C:/devkitPro/libnx/lib\libnx.a(nv.o)
                0x000000000000db70                nvIoctl
 *fill*         0x000000000000de68        0x8 
 .text.nvClose  0x000000000000de70       0xd8 C:/devkitPro/libnx/lib\libnx.a(nv.o)
                0x000000000000de70                nvClose
 *fill*         0x000000000000df48        0x8 
 .text.nvQueryEvent
                0x000000000000df50      0x110 C:/devkitPro/libnx/lib\libnx.a(nv.o)
                0x000000000000df50                nvQueryEvent
 .text._setsysGetFirmwareVersionImpl
                0x000000000000e060       0xd4 C:/devkitPro/libnx/lib\libnx.a(set.o)
 *fill*         0x000000000000e134        0xc 
 .text._setsysCleanup
                0x000000000000e140       0x68 C:/devkitPro/libnx/lib\libnx.a(set.o)
 *fill*         0x000000000000e1a8        0x8 
 .text.setsysInitialize
                0x000000000000e1b0       0xa0 C:/devkitPro/libnx/lib\libnx.a(set.o)
                0x000000000000e1b0                setsysInitialize
 .text.setsysExit
                0x000000000000e250       0x44 C:/devkitPro/libnx/lib\libnx.a(set.o)
                0x000000000000e250                setsysExit
 *fill*         0x000000000000e294        0xc 
 .text.setsysGetFirmwareVersion
                0x000000000000e2a0       0x44 C:/devkitPro/libnx/lib\libnx.a(set.o)
                0x000000000000e2a0                setsysGetFirmwareVersion
 *fill*         0x000000000000e2e4        0xc 
 .text._timeCleanup
                0x000000000000e2f0      0x228 C:/devkitPro/libnx/lib\libnx.a(time.o)
 *fill*         0x000000000000e518        0x8 
 .text._timeCmdGetSession.constprop.0
                0x000000000000e520      0x100 C:/devkitPro/libnx/lib\libnx.a(time.o)
 .text._timeGetSharedMemoryNativeHandle.constprop.0
                0x000000000000e620       0xcc C:/devkitPro/libnx/lib\libnx.a(time.o)
 *fill*         0x000000000000e6ec        0x4 
 .text._timeCmdNoInOutU64.constprop.0.isra.0
                0x000000000000e6f0       0xc4 C:/devkitPro/libnx/lib\libnx.a(time.o)
 *fill*         0x000000000000e7b4        0xc 
 .text._timeReadClockFromSharedMem
                0x000000000000e7c0      0x104 C:/devkitPro/libnx/lib\libnx.a(time.o)
 *fill*         0x000000000000e8c4        0xc 
 .text.timeInitialize
                0x000000000000e8d0      0x238 C:/devkitPro/libnx/lib\libnx.a(time.o)
                0x000000000000e8d0                timeInitialize
 *fill*         0x000000000000eb08        0x8 
 .text.timeExit
                0x000000000000eb10       0x44 C:/devkitPro/libnx/lib\libnx.a(time.o)
                0x000000000000eb10                timeExit
 *fill*         0x000000000000eb54        0xc 
 .text.timeGetServiceSession_SystemClock
                0x000000000000eb60       0x38 C:/devkitPro/libnx/lib\libnx.a(time.o)
                0x000000000000eb60                timeGetServiceSession_SystemClock
 *fill*         0x000000000000eb98        0x8 
 .text.timeGetCurrentTime
                0x000000000000eba0       0x68 C:/devkitPro/libnx/lib\libnx.a(time.o)
                0x000000000000eba0                timeGetCurrentTime
 *fill*         0x000000000000ec08        0x8 
 .text.timeToCalendarTimeWithMyRule
                0x000000000000ec10      0x110 C:/devkitPro/libnx/lib\libnx.a(time.o)
                0x000000000000ec10                timeToCalendarTimeWithMyRule
 .text.timeToPosixTimeWithMyRule
                0x000000000000ed20      0x104 C:/devkitPro/libnx/lib\libnx.a(time.o)
                0x000000000000ed20                timeToPosixTimeWithMyRule
 *fill*         0x000000000000ee24        0xc 
 .text._viCleanup
                0x000000000000ee30      0x1dc C:/devkitPro/libnx/lib\libnx.a(vi.o)
 *fill*         0x000000000000f00c        0x4 
 .text._viCmdGetSessionNoParams.constprop.0
                0x000000000000f010      0x100 C:/devkitPro/libnx/lib\libnx.a(vi.o)
 .text._viCmdGetSession.constprop.0
                0x000000000000f110       0xfc C:/devkitPro/libnx/lib\libnx.a(vi.o)
 *fill*         0x000000000000f20c        0x4 
 .text.viInitialize
                0x000000000000f210      0x284 C:/devkitPro/libnx/lib\libnx.a(vi.o)
                0x000000000000f210                viInitialize
 *fill*         0x000000000000f494        0xc 
 .text.viExit   0x000000000000f4a0       0x44 C:/devkitPro/libnx/lib\libnx.a(vi.o)
                0x000000000000f4a0                viExit
 *fill*         0x000000000000f4e4        0xc 
 .text.viGetSession_IHOSBinderDriverRelay
                0x000000000000f4f0        0xc C:/devkitPro/libnx/lib\libnx.a(vi.o)
                0x000000000000f4f0                viGetSession_IHOSBinderDriverRelay
 *fill*         0x000000000000f4fc        0x4 
 .text.viOpenDisplay
                0x000000000000f500      0x118 C:/devkitPro/libnx/lib\libnx.a(vi.o)
                0x000000000000f500                viOpenDisplay
 *fill*         0x000000000000f618        0x8 
 .text.viCloseDisplay
                0x000000000000f620       0xf4 C:/devkitPro/libnx/lib\libnx.a(vi.o)
                0x000000000000f620                viCloseDisplay
 *fill*         0x000000000000f714        0xc 
 .text.viCloseLayer
                0x000000000000f720       0xfc C:/devkitPro/libnx/lib\libnx.a(vi.o)
                0x000000000000f720                viCloseLayer
 *fill*         0x000000000000f81c        0x4 
 .text.viCreateLayer
                0x000000000000f820      0x374 C:/devkitPro/libnx/lib\libnx.a(vi.o)
                0x000000000000f820                viCreateLayer
 *fill*         0x000000000000fb94        0xc 
 .text.viSetLayerScalingMode
                0x000000000000fba0       0xd8 C:/devkitPro/libnx/lib\libnx.a(vi.o)
                0x000000000000fba0                viSetLayerScalingMode
 *fill*         0x000000000000fc78        0x8 
 .text._nvFenceCleanup
                0x000000000000fc80       0x7c C:/devkitPro/libnx/lib\libnx.a(fence.o)
 *fill*         0x000000000000fcfc        0x4 
 .text.nvFenceInit
                0x000000000000fd00       0x98 C:/devkitPro/libnx/lib\libnx.a(fence.o)
                0x000000000000fd00                nvFenceInit
 *fill*         0x000000000000fd98        0x8 
 .text.nvFenceExit
                0x000000000000fda0       0x44 C:/devkitPro/libnx/lib\libnx.a(fence.o)
                0x000000000000fda0                nvFenceExit
 *fill*         0x000000000000fde4        0xc 
 .text.nvFenceWait
                0x000000000000fdf0      0x240 C:/devkitPro/libnx/lib\libnx.a(fence.o)
                0x000000000000fdf0                nvFenceWait
 .text.nvMultiFenceWait
                0x0000000000010030       0x74 C:/devkitPro/libnx/lib\libnx.a(fence.o)
                0x0000000000010030                nvMultiFenceWait
 *fill*         0x00000000000100a4        0xc 
 .text.nvMapInit
                0x00000000000100b0       0xb4 C:/devkitPro/libnx/lib\libnx.a(map.o)
                0x00000000000100b0                nvMapInit
 *fill*         0x0000000000010164        0xc 
 .text.nvMapExit
                0x0000000000010170       0x6c C:/devkitPro/libnx/lib\libnx.a(map.o)
                0x0000000000010170                nvMapExit
 *fill*         0x00000000000101dc        0x4 
 .text.nvMapClose
                0x00000000000101e0       0x80 C:/devkitPro/libnx/lib\libnx.a(map.o)
                0x00000000000101e0                nvMapClose
 .text.nvMapCreate
                0x0000000000010260      0x154 C:/devkitPro/libnx/lib\libnx.a(map.o)
                0x0000000000010260                nvMapCreate
 *fill*         0x00000000000103b4        0xc 
 .text.nvioctlNvhostCtrl_EventSignal
                0x00000000000103c0       0x28 C:/devkitPro/libnx/lib\libnx.a(nvhost-ctrl.o)
                0x00000000000103c0                nvioctlNvhostCtrl_EventSignal
 *fill*         0x00000000000103e8        0x8 
 .text.nvioctlNvhostCtrl_EventWait
                0x00000000000103f0       0x44 C:/devkitPro/libnx/lib\libnx.a(nvhost-ctrl.o)
                0x00000000000103f0                nvioctlNvhostCtrl_EventWait
 *fill*         0x0000000000010434        0xc 
 .text.nvioctlNvhostCtrl_EventWaitAsync
                0x0000000000010440       0x30 C:/devkitPro/libnx/lib\libnx.a(nvhost-ctrl.o)
                0x0000000000010440                nvioctlNvhostCtrl_EventWaitAsync
 .text.nvioctlNvhostCtrl_EventRegister
                0x0000000000010470       0x28 C:/devkitPro/libnx/lib\libnx.a(nvhost-ctrl.o)
                0x0000000000010470                nvioctlNvhostCtrl_EventRegister
 *fill*         0x0000000000010498        0x8 
 .text.nvioctlNvhostCtrl_EventUnregister
                0x00000000000104a0       0x28 C:/devkitPro/libnx/lib\libnx.a(nvhost-ctrl.o)
                0x00000000000104a0                nvioctlNvhostCtrl_EventUnregister
 *fill*         0x00000000000104c8        0x8 
 .text.nvioctlNvmap_Create
                0x00000000000104d0       0x40 C:/devkitPro/libnx/lib\libnx.a(nvmap.o)
                0x00000000000104d0                nvioctlNvmap_Create
 .text.nvioctlNvmap_Alloc
                0x0000000000010510       0x38 C:/devkitPro/libnx/lib\libnx.a(nvmap.o)
                0x0000000000010510                nvioctlNvmap_Alloc
 *fill*         0x0000000000010548        0x8 
 .text.nvioctlNvmap_Free
                0x0000000000010550       0x34 C:/devkitPro/libnx/lib\libnx.a(nvmap.o)
                0x0000000000010550                nvioctlNvmap_Free
 *fill*         0x0000000000010584        0xc 
 .text.nvioctlNvmap_GetId
                0x0000000000010590       0x40 C:/devkitPro/libnx/lib\libnx.a(nvmap.o)
                0x0000000000010590                nvioctlNvmap_GetId
 .text.binderCreate
                0x00000000000105d0       0x1c C:/devkitPro/libnx/lib\libnx.a(binder.o)
                0x00000000000105d0                binderCreate
 *fill*         0x00000000000105ec        0x4 
 .text.binderTransactParcel
                0x00000000000105f0      0x368 C:/devkitPro/libnx/lib\libnx.a(binder.o)
                0x00000000000105f0                binderTransactParcel
 *fill*         0x0000000000010958        0x8 
 .text.binderConvertErrorCode
                0x0000000000010960       0xe8 C:/devkitPro/libnx/lib\libnx.a(binder.o)
                0x0000000000010960                binderConvertErrorCode
 *fill*         0x0000000000010a48        0x8 
 .text.binderAdjustRefcount
                0x0000000000010a50      0x128 C:/devkitPro/libnx/lib\libnx.a(binder.o)
                0x0000000000010a50                binderAdjustRefcount
 *fill*         0x0000000000010b78        0x8 
 .text.binderInitSession
                0x0000000000010b80       0x98 C:/devkitPro/libnx/lib\libnx.a(binder.o)
                0x0000000000010b80                binderInitSession
 *fill*         0x0000000000010c18        0x8 
 .text.binderClose
                0x0000000000010c20       0x68 C:/devkitPro/libnx/lib\libnx.a(binder.o)
                0x0000000000010c20                binderClose
 *fill*         0x0000000000010c88        0x8 
 .text.binderGetNativeHandle
                0x0000000000010c90      0x15c C:/devkitPro/libnx/lib\libnx.a(binder.o)
                0x0000000000010c90                binderGetNativeHandle
 *fill*         0x0000000000010dec        0x4 
 .text.bqRequestBuffer
                0x0000000000010df0       0xd8 C:/devkitPro/libnx/lib\libnx.a(buffer_producer.o)
                0x0000000000010df0                bqRequestBuffer
 *fill*         0x0000000000010ec8        0x8 
 .text.bqDequeueBuffer
                0x0000000000010ed0      0x160 C:/devkitPro/libnx/lib\libnx.a(buffer_producer.o)
                0x0000000000010ed0                bqDequeueBuffer
 .text.bqQueueBuffer
                0x0000000000011030       0xdc C:/devkitPro/libnx/lib\libnx.a(buffer_producer.o)
                0x0000000000011030                bqQueueBuffer
 *fill*         0x000000000001110c        0x4 
 .text.bqCancelBuffer
                0x0000000000011110       0x94 C:/devkitPro/libnx/lib\libnx.a(buffer_producer.o)
                0x0000000000011110                bqCancelBuffer
 *fill*         0x00000000000111a4        0xc 
 .text.bqConnect
                0x00000000000111b0       0xe4 C:/devkitPro/libnx/lib\libnx.a(buffer_producer.o)
                0x00000000000111b0                bqConnect
 *fill*         0x0000000000011294        0xc 
 .text.bqDisconnect
                0x00000000000112a0       0x9c C:/devkitPro/libnx/lib\libnx.a(buffer_producer.o)
                0x00000000000112a0                bqDisconnect
 *fill*         0x000000000001133c        0x4 
 .text.bqSetPreallocatedBuffer
                0x0000000000011340      0x17c C:/devkitPro/libnx/lib\libnx.a(buffer_producer.o)
                0x0000000000011340                bqSetPreallocatedBuffer
 *fill*         0x00000000000114bc        0x4 
 .text.parcelCreate
                0x00000000000114c0       0x30 C:/devkitPro/libnx/lib\libnx.a(parcel.o)
                0x00000000000114c0                parcelCreate
 .text.parcelTransact
                0x00000000000114f0      0x198 C:/devkitPro/libnx/lib\libnx.a(parcel.o)
                0x00000000000114f0                parcelTransact
 *fill*         0x0000000000011688        0x8 
 .text.parcelWriteData
                0x0000000000011690       0x88 C:/devkitPro/libnx/lib\libnx.a(parcel.o)
                0x0000000000011690                parcelWriteData
 *fill*         0x0000000000011718        0x8 
 .text.parcelReadData
                0x0000000000011720       0x98 C:/devkitPro/libnx/lib\libnx.a(parcel.o)
                0x0000000000011720                parcelReadData
 *fill*         0x00000000000117b8        0x8 
 .text.parcelWriteInt32
                0x00000000000117c0       0x20 C:/devkitPro/libnx/lib\libnx.a(parcel.o)
                0x00000000000117c0                parcelWriteInt32
 .text.parcelWriteUInt32
                0x00000000000117e0       0x20 C:/devkitPro/libnx/lib\libnx.a(parcel.o)
                0x00000000000117e0                parcelWriteUInt32
 .text.parcelWriteString16
                0x0000000000011800       0x7c C:/devkitPro/libnx/lib\libnx.a(parcel.o)
                0x0000000000011800                parcelWriteString16
 *fill*         0x000000000001187c        0x4 
 .text.parcelWriteInterfaceToken
                0x0000000000011880       0x30 C:/devkitPro/libnx/lib\libnx.a(parcel.o)
                0x0000000000011880                parcelWriteInterfaceToken
 .text.parcelReadInt32
                0x00000000000118b0       0x24 C:/devkitPro/libnx/lib\libnx.a(parcel.o)
                0x00000000000118b0                parcelReadInt32
 *fill*         0x00000000000118d4        0xc 
 .text.parcelReadFlattenedObject
                0x00000000000118e0       0x68 C:/devkitPro/libnx/lib\libnx.a(parcel.o)
                0x00000000000118e0                parcelReadFlattenedObject
 *fill*         0x0000000000011948        0x8 
 .text.parcelWriteFlattenedObject
                0x0000000000011950       0x4c C:/devkitPro/libnx/lib\libnx.a(parcel.o)
                0x0000000000011950                parcelWriteFlattenedObject
 *fill*         0x000000000001199c        0x4 
 .text.sessionmgrCreate
                0x00000000000119a0      0x178 C:/devkitPro/libnx/lib\libnx.a(sessionmgr.o)
                0x00000000000119a0                sessionmgrCreate
 *fill*         0x0000000000011b18        0x8 
 .text.sessionmgrClose
                0x0000000000011b20       0x84 C:/devkitPro/libnx/lib\libnx.a(sessionmgr.o)
                0x0000000000011b20                sessionmgrClose
 *fill*         0x0000000000011ba4        0xc 
 .text.sessionmgrAttachClient
                0x0000000000011bb0       0xb4 C:/devkitPro/libnx/lib\libnx.a(sessionmgr.o)
                0x0000000000011bb0                sessionmgrAttachClient
 *fill*         0x0000000000011c64        0xc 
 .text.sessionmgrDetachClient
                0x0000000000011c70       0x70 C:/devkitPro/libnx/lib\libnx.a(sessionmgr.o)
                0x0000000000011c70                sessionmgrDetachClient
 .text.setenv   0x0000000000011ce0       0x3c C:/devkitPro/devkitA64/bin/../lib/gcc/aarch64-none-elf/14.2.0/../../../../aarch64-none-elf/lib/pic\libg.a(libc_a-setenv.o)
                0x0000000000011ce0                setenv
 *fill*         0x0000000000011d1c        0x4 
 .text._strtoul_l.isra.0
                0x0000000000011d20      0x1a4 C:/devkitPro/devkitA64/bin/../lib/gcc/aarch64-none-elf/14.2.0/../../../../aarch64-none-elf/lib/pic\libg.a(libc_a-strtoul.o)
 *fill*         0x0000000000011ec4       0x1c 
 .text._strtoul_r
                0x0000000000011ee0       0x44 C:/devkitPro/devkitA64/bin/../lib/gcc/aarch64-none-elf/14.2.0/../../../../aarch64-none-elf/lib/pic\libg.a(libc_a-strtoul.o)
                0x0000000000011ee0                _strtoul_r
 *fill*         0x0000000000011f24       0x1c 
 .text.strtoul  0x0000000000011f40       0x48 C:/devkitPro/devkitA64/bin/../lib/gcc/aarch64-none-elf/14.2.0/../../../../aarch64-none-elf/lib/pic\libg.a(libc_a-strtoul.o)
                0x0000000000011f40                strtoul
 *fill*         0x0000000000011f88       0x38 
 .text          0x0000000000011fc0      0x130 C:/devkitPro/devkitA64/bin/../lib/gcc/aarch64-none-elf/14.2.0/../../../../aarch64-none-elf/lib/pic\libg.a(libc_a-strlen.o)
                0x0000000000011fc0                strlen
 *fill*         0x00000000000120f0       0x10 
 .text.strncat  0x0000000000012100       0x80 C:/devkitPro/devkitA64/bin/../lib/gcc/aarch64-none-elf/14.2.0/../../../../aarch64-none-elf/lib/pic\libg.a(libc_a-strncat.o)
                0x0000000000012100                strncat
 .text.bsearch  0x0000000000012180       0xb8 C:/devkitPro/devkitA64/bin/../lib/gcc/aarch64-none-elf/14.2.0/../../../../aarch64-none-elf/lib/pic\libg.a(libc_a-bsearch.o)
                0x0000000000012180                bsearch
 *fill*         0x0000000000012238        0x8 
 .text          0x0000000000012240       0xdc C:/devkitPro/devkitA64/bin/../lib/gcc/aarch64-none-elf/14.2.0/../../../../aarch64-none-elf/lib/pic\libg.a(libc_a-memchr.o)
                0x0000000000012240                memchr
 *fill*         0x000000000001231c        0x4 
 .text.aligned_alloc
                0x0000000000012320       0x2c C:/devkitPro/devkitA64/bin/../lib/gcc/aarch64-none-elf/14.2.0/../../../../aarch64-none-elf/lib/pic\libg.a(libc_a-aligned_alloc.o)
                0x0000000000012320                aligned_alloc
 *fill*         0x000000000001234c       0x34 
 .text          0x0000000000012380      0x1b4 C:/devkitPro/devkitA64/bin/../lib/gcc/aarch64-none-elf/14.2.0/../../../../aarch64-none-elf/lib/pic\libg.a(libc_a-strncmp.o)
                0x0000000000012380                strncmp
 *fill*         0x0000000000012534        0xc 
 .text          0x0000000000012540      0x134 C:/devkitPro/devkitA64/bin/../lib/gcc/aarch64-none-elf/14.2.0/../../../../aarch64-none-elf/lib/pic\libg.a(libc_a-strcmp.o)
                0x0000000000012540                strcmp
 *fill*         0x0000000000012674        0xc 
 .text          0x0000000000012680       0xb8 C:/devkitPro/devkitA64/bin/../lib/gcc/aarch64-none-elf/14.2.0/../../../../aarch64-none-elf/lib/pic\libg.a(libc_a-strnlen.o)
                0x0000000000012680                strnlen
 *fill*         0x0000000000012738        0x8 
 .text.stdio_exit_handler
                0x0000000000012740       0x1c C:/devkitPro/devkitA64/bin/../lib/gcc/aarch64-none-elf/14.2.0/../../../../aarch64-none-elf/lib/pic\libg.a(libc_a-findfp.o)
 *fill*         0x000000000001275c        0x4 
 .text.cleanup_stdio
                0x0000000000012760       0x6c C:/devkitPro/devkitA64/bin/../lib/gcc/aarch64-none-elf/14.2.0/../../../../aarch64-none-elf/lib/pic\libg.a(libc_a-findfp.o)
 *fill*         0x00000000000127cc       0x14 
 .text.global_stdio_init.part.0
                0x00000000000127e0      0x134 C:/devkitPro/devkitA64/bin/../lib/gcc/aarch64-none-elf/14.2.0/../../../../aarch64-none-elf/lib/pic\libg.a(libc_a-findfp.o)
 *fill*         0x0000000000012914        0xc 
 .text.__sfp_lock_acquire
                0x0000000000012920        0xc C:/devkitPro/devkitA64/bin/../lib/gcc/aarch64-none-elf/14.2.0/../../../../aarch64-none-elf/lib/pic\libg.a(libc_a-findfp.o)
                0x0000000000012920                __sfp_lock_acquire
 *fill*         0x000000000001292c       0x14 
 .text.__sfp_lock_release
                0x0000000000012940        0xc C:/devkitPro/devkitA64/bin/../lib/gcc/aarch64-none-elf/14.2.0/../../../../aarch64-none-elf/lib/pic\libg.a(libc_a-findfp.o)
                0x0000000000012940                __sfp_lock_release
 *fill*         0x000000000001294c       0x14 
 .text.__sinit  0x0000000000012960       0x54 C:/devkitPro/devkitA64/bin/../lib/gcc/aarch64-none-elf/14.2.0/../../../../aarch64-none-elf/lib/pic\libg.a(libc_a-findfp.o)
                0x0000000000012960                __sinit
 *fill*         0x00000000000129b4        0xc 
 .text._malloc_r
                0x00000000000129c0      0x7e8 C:/devkitPro/devkitA64/bin/../lib/gcc/aarch64-none-elf/14.2.0/../../../../aarch64-none-elf/lib/pic\libg.a(libc_a-mallocr.o)
                0x00000000000129c0                _malloc_r
 *fill*         0x00000000000131a8       0x18 
 .text          0x00000000000131c0      0x22c C:/devkitPro/devkitA64/bin/../lib/gcc/aarch64-none-elf/14.2.0/../../../../aarch64-none-elf/lib/pic\libg.a(libc_a-memcpy.o)
                0x00000000000131c0                memcpy
                0x00000000000131c0                memmove
 *fill*         0x00000000000133ec       0x14 
 .text._malloc_trim_r
                0x0000000000013400      0x124 C:/devkitPro/devkitA64/bin/../lib/gcc/aarch64-none-elf/14.2.0/../../../../aarch64-none-elf/lib/pic\libg.a(libc_a-freer.o)
                0x0000000000013400                _malloc_trim_r
 *fill*         0x0000000000013524       0x1c 
 .text._free_r  0x0000000000013540      0x2d4 C:/devkitPro/devkitA64/bin/../lib/gcc/aarch64-none-elf/14.2.0/../../../../aarch64-none-elf/lib/pic\libg.a(libc_a-freer.o)
                0x0000000000013540                _free_r
 *fill*         0x0000000000013814        0xc 
 .text.setvbuf  0x0000000000013820      0x278 C:/devkitPro/devkitA64/bin/../lib/gcc/aarch64-none-elf/14.2.0/../../../../aarch64-none-elf/lib/pic\libg.a(libc_a-setvbuf.o)
                0x0000000000013820                setvbuf
 *fill*         0x0000000000013a98        0x8 
 .text.__errno  0x0000000000013aa0       0x14 C:/devkitPro/devkitA64/bin/../lib/gcc/aarch64-none-elf/14.2.0/../../../../aarch64-none-elf/lib/pic\libg.a(libc_a-errno.o)
                0x0000000000013aa0                __errno
 *fill*         0x0000000000013ab4        0xc 
 .text.malloc   0x0000000000013ac0       0x44 C:/devkitPro/devkitA64/bin/../lib/gcc/aarch64-none-elf/14.2.0/../../../../aarch64-none-elf/lib/pic\libg.a(libc_a-malloc.o)
                0x0000000000013ac0                malloc
 *fill*         0x0000000000013b04       0x1c 
 .text.free     0x0000000000013b20       0x24 C:/devkitPro/devkitA64/bin/../lib/gcc/aarch64-none-elf/14.2.0/../../../../aarch64-none-elf/lib/pic\libg.a(libc_a-malloc.o)
                0x0000000000013b20                free
 *fill*         0x0000000000013b44       0x1c 
 .text.sscanf   0x0000000000013b60       0xb4 C:/devkitPro/devkitA64/bin/../lib/gcc/aarch64-none-elf/14.2.0/../../../../aarch64-none-elf/lib/pic\libg.a(libc_a-sscanf.o)
                0x0000000000013b60                sscanf
 *fill*         0x0000000000013c14        0xc 
 .text._puts_r  0x0000000000013c20       0xd0 C:/devkitPro/devkitA64/bin/../lib/gcc/aarch64-none-elf/14.2.0/../../../../aarch64-none-elf/lib/pic\libg.a(libc_a-puts.o)
                0x0000000000013c20                _puts_r
 *fill*         0x0000000000013cf0       0x10 
 .text.puts     0x0000000000013d00       0x24 C:/devkitPro/devkitA64/bin/../lib/gcc/aarch64-none-elf/14.2.0/../../../../aarch64-none-elf/lib/pic\libg.a(libc_a-puts.o)
                0x0000000000013d00                puts
 *fill*         0x0000000000013d24       0x1c 
 .text.gmtime   0x0000000000013d40       0x2c C:/devkitPro/devkitA64/bin/../lib/gcc/aarch64-none-elf/14.2.0/../../../../aarch64-none-elf/lib/pic\libg.a(libc_a-gmtime.o)
                0x0000000000013d40                gmtime
 *fill*         0x0000000000013d6c       0x14 
 .text._fwalk_sglue
                0x0000000000013d80       0x98 C:/devkitPro/devkitA64/bin/../lib/gcc/aarch64-none-elf/14.2.0/../../../../aarch64-none-elf/lib/pic\libg.a(libc_a-fwalk.o)
                0x0000000000013d80                _fwalk_sglue
 *fill*         0x0000000000013e18        0x8 
 .text.__malloc_lock
                0x0000000000013e20        0xc C:/devkitPro/devkitA64/bin/../lib/gcc/aarch64-none-elf/14.2.0/../../../../aarch64-none-elf/lib/pic\libg.a(libc_a-mlock.o)
                0x0000000000013e20                __malloc_lock
 *fill*         0x0000000000013e2c       0x14 
 .text.__malloc_unlock
                0x0000000000013e40        0xc C:/devkitPro/devkitA64/bin/../lib/gcc/aarch64-none-elf/14.2.0/../../../../aarch64-none-elf/lib/pic\libg.a(libc_a-mlock.o)
                0x0000000000013e40                __malloc_unlock
 *fill*         0x0000000000013e4c       0x34 
 .text          0x0000000000013e80      0x104 C:/devkitPro/devkitA64/bin/../lib/gcc/aarch64-none-elf/14.2.0/../../../../aarch64-none-elf/lib/pic\libg.a(libc_a-memset.o)
                0x0000000000013e80                memset
 *fill*         0x0000000000013f84       0x1c 
 .text._setenv_r
                0x0000000000013fa0      0x254 C:/devkitPro/devkitA64/bin/../lib/gcc/aarch64-none-elf/14.2.0/../../../../aarch64-none-elf/lib/pic\libg.a(libc_a-setenv_r.o)
                0x0000000000013fa0                _setenv_r
 *fill*         0x00000000000141f4        0xc 
 .text.__call_exitprocs
                0x0000000000014200        0x4 C:/devkitPro/devkitA64/bin/../lib/gcc/aarch64-none-elf/14.2.0/../../../../aarch64-none-elf/lib/pic\libg.a(libc_a-exit.o)
                0x0000000000014200                __call_exitprocs
 .text.get_arg  0x0000000000014204       0x74 C:/devkitPro/devkitA64/bin/../lib/gcc/aarch64-none-elf/14.2.0/../../../../aarch64-none-elf/lib/pic\libg.a(libc_a-svfscanf.o)
 .text.__ssvfscanf_r
                0x0000000000014278     0x32d0 C:/devkitPro/devkitA64/bin/../lib/gcc/aarch64-none-elf/14.2.0/../../../../aarch64-none-elf/lib/pic\libg.a(libc_a-svfscanf.o)
                0x0000000000014278                __ssvfscanf_r
 *fill*         0x0000000000017548       0x18 
 .text.strncpy  0x0000000000017560       0x8c C:/devkitPro/devkitA64/bin/../lib/gcc/aarch64-none-elf/14.2.0/../../../../aarch64-none-elf/lib/pic\libg.a(libc_a-strncpy.o)
                0x0000000000017560                strncpy
 *fill*         0x00000000000175ec       0x14 
 .text._strtoull_l.isra.0
                0x0000000000017600      0x1a4 C:/devkitPro/devkitA64/bin/../lib/gcc/aarch64-none-elf/14.2.0/../../../../aarch64-none-elf/lib/pic\libg.a(libc_a-strtoull.o)
 *fill*         0x00000000000177a4       0x1c 
 .text._strtoull_r
                0x00000000000177c0       0x44 C:/devkitPro/devkitA64/bin/../lib/gcc/aarch64-none-elf/14.2.0/../../../../aarch64-none-elf/lib/pic\libg.a(libc_a-strtoull.o)
                0x00000000000177c0                _strtoull_r
 *fill*         0x0000000000017804       0x1c 
 .text._mbrtowc_r
                0x0000000000017820       0xf0 C:/devkitPro/devkitA64/bin/../lib/gcc/aarch64-none-elf/14.2.0/../../../../aarch64-none-elf/lib/pic\libg.a(libc_a-mbrtowc.o)
                0x0000000000017820                _mbrtowc_r
 *fill*         0x0000000000017910       0x10 
 .text.__libc_init_array
                0x0000000000017920       0x90 C:/devkitPro/devkitA64/bin/../lib/gcc/aarch64-none-elf/14.2.0/../../../../aarch64-none-elf/lib/pic\libg.a(libc_a-init.o)
                0x0000000000017920                __libc_init_array
 *fill*         0x00000000000179b0       0x10 
 .text.__sflush_r
                0x00000000000179c0      0x1e8 C:/devkitPro/devkitA64/bin/../lib/gcc/aarch64-none-elf/14.2.0/../../../../aarch64-none-elf/lib/pic\libg.a(libc_a-fflush.o)
                0x00000000000179c0                __sflush_r
 *fill*         0x0000000000017ba8       0x18 
 .text._fflush_r
                0x0000000000017bc0       0xb8 C:/devkitPro/devkitA64/bin/../lib/gcc/aarch64-none-elf/14.2.0/../../../../aarch64-none-elf/lib/pic\libg.a(libc_a-fflush.o)
                0x0000000000017bc0                _fflush_r
 *fill*         0x0000000000017c78        0x8 
 .text.nanf     0x0000000000017c80        0xc C:/devkitPro/devkitA64/bin/../lib/gcc/aarch64-none-elf/14.2.0/../../../../aarch64-none-elf/lib/pic\libg.a(libm_a-sf_nan.o)
                0x0000000000017c80                nanf
 *fill*         0x0000000000017c8c       0x14 
 .text.__env_lock
                0x0000000000017ca0        0xc C:/devkitPro/devkitA64/bin/../lib/gcc/aarch64-none-elf/14.2.0/../../../../aarch64-none-elf/lib/pic\libg.a(libc_a-envlock.o)
                0x0000000000017ca0                __env_lock
 *fill*         0x0000000000017cac       0x14 
 .text.__env_unlock
                0x0000000000017cc0        0xc C:/devkitPro/devkitA64/bin/../lib/gcc/aarch64-none-elf/14.2.0/../../../../aarch64-none-elf/lib/pic\libg.a(libc_a-envlock.o)
                0x0000000000017cc0                __env_unlock
 *fill*         0x0000000000017ccc       0x14 
 .text.__sfvwrite_r
                0x0000000000017ce0      0x494 C:/devkitPro/devkitA64/bin/../lib/gcc/aarch64-none-elf/14.2.0/../../../../aarch64-none-elf/lib/pic\libg.a(libc_a-fvwrite.o)
                0x0000000000017ce0                __sfvwrite_r
 *fill*         0x0000000000018174        0xc 
 .text._strtoll_l.isra.0
                0x0000000000018180      0x2e8 C:/devkitPro/devkitA64/bin/../lib/gcc/aarch64-none-elf/14.2.0/../../../../aarch64-none-elf/lib/pic\libg.a(libc_a-strtoll.o)
 *fill*         0x0000000000018468       0x18 
 .text._strtoll_r
                0x0000000000018480       0x44 C:/devkitPro/devkitA64/bin/../lib/gcc/aarch64-none-elf/14.2.0/../../../../aarch64-none-elf/lib/pic\libg.a(libc_a-strtoll.o)
                0x0000000000018480                _strtoll_r
 *fill*         0x00000000000184c4       0x1c 
 .text.__locale_mb_cur_max
                0x00000000000184e0       0x2c C:/devkitPro/devkitA64/bin/../lib/gcc/aarch64-none-elf/14.2.0/../../../../aarch64-none-elf/lib/pic\libg.a(libc_a-locale.o)
                0x00000000000184e0                __locale_mb_cur_max
 *fill*         0x000000000001850c       0x14 
 .text.sulp     0x0000000000018520       0x54 C:/devkitPro/devkitA64/bin/../lib/gcc/aarch64-none-elf/14.2.0/../../../../aarch64-none-elf/lib/pic\libg.a(libc_a-strtod.o)
 *fill*         0x0000000000018574        0xc 
 .text._strtod_l
                0x0000000000018580     0x1210 C:/devkitPro/devkitA64/bin/../lib/gcc/aarch64-none-elf/14.2.0/../../../../aarch64-none-elf/lib/pic\libg.a(libc_a-strtod.o)
                0x0000000000018580                _strtod_l
 *fill*         0x0000000000019790       0x10 
 .text._strtod_r
                0x00000000000197a0       0x50 C:/devkitPro/devkitA64/bin/../lib/gcc/aarch64-none-elf/14.2.0/../../../../aarch64-none-elf/lib/pic\libg.a(libc_a-strtod.o)
                0x00000000000197a0                _strtod_r
 *fill*         0x00000000000197f0       0x10 
 .text.gmtime_r
                0x0000000000019800      0x2a0 C:/devkitPro/devkitA64/bin/../lib/gcc/aarch64-none-elf/14.2.0/../../../../aarch64-none-elf/lib/pic\libg.a(libc_a-gmtime_r.o)
                0x0000000000019800                gmtime_r
 .text.sprintf  0x0000000000019aa0       0xa0 C:/devkitPro/devkitA64/bin/../lib/gcc/aarch64-none-elf/14.2.0/../../../../aarch64-none-elf/lib/pic\libg.a(libc_a-sprintf.o)
                0x0000000000019aa0                sprintf
 .text._memalign_r
                0x0000000000019b40      0x17c C:/devkitPro/devkitA64/bin/../lib/gcc/aarch64-none-elf/14.2.0/../../../../aarch64-none-elf/lib/pic\libg.a(libc_a-malignr.o)
                0x0000000000019b40                _memalign_r
 .text._sungetc_r
                0x0000000000019cbc       0xf0 C:/devkitPro/devkitA64/bin/../lib/gcc/aarch64-none-elf/14.2.0/../../../../aarch64-none-elf/lib/pic\libg.a(libc_a-svfiscanf.o)
                0x0000000000019cbc                _sungetc_r
 .text.__ssrefill_r
                0x0000000000019dac       0x70 C:/devkitPro/devkitA64/bin/../lib/gcc/aarch64-none-elf/14.2.0/../../../../aarch64-none-elf/lib/pic\libg.a(libc_a-svfiscanf.o)
                0x0000000000019dac                __ssrefill_r
 .text._sfread_r
                0x0000000000019e1c       0xe0 C:/devkitPro/devkitA64/bin/../lib/gcc/aarch64-none-elf/14.2.0/../../../../aarch64-none-elf/lib/pic\libg.a(libc_a-svfiscanf.o)
                0x0000000000019e1c                _sfread_r
 *fill*         0x0000000000019efc        0x4 
 .text.rshift   0x0000000000019f00      0x11c C:/devkitPro/devkitA64/bin/../lib/gcc/aarch64-none-elf/14.2.0/../../../../aarch64-none-elf/lib/pic\libg.a(libc_a-gdtoa-gethex.o)
 *fill*         0x000000000001a01c        0x4 
 .text.__gethex
                0x000000000001a020      0x8c4 C:/devkitPro/devkitA64/bin/../lib/gcc/aarch64-none-elf/14.2.0/../../../../aarch64-none-elf/lib/pic\libg.a(libc_a-gdtoa-gethex.o)
                0x000000000001a020                __gethex
 *fill*         0x000000000001a8e4       0x1c 
 .text.__utf8_mbtowc
                0x000000000001a900      0x2dc C:/devkitPro/devkitA64/bin/../lib/gcc/aarch64-none-elf/14.2.0/../../../../aarch64-none-elf/lib/pic\libg.a(libc_a-mbtowc_r.o)
                0x000000000001a900                __utf8_mbtowc
 *fill*         0x000000000001abdc        0x4 
 .text.__libc_fini_array
                0x000000000001abe0       0x44 C:/devkitPro/devkitA64/bin/../lib/gcc/aarch64-none-elf/14.2.0/../../../../aarch64-none-elf/lib/pic\libg.a(libc_a-fini.o)
                0x000000000001abe0                __libc_fini_array
 *fill*         0x000000000001ac24       0x1c 
 .text          0x000000000001ac40       0xcc C:/devkitPro/devkitA64/bin/../lib/gcc/aarch64-none-elf/14.2.0/../../../../aarch64-none-elf/lib/pic\libg.a(libc_a-strchr.o)
                0x000000000001ac40                strchr
 *fill*         0x000000000001ad0c       0x14 
 .text.__sread  0x000000000001ad20       0x4c C:/devkitPro/devkitA64/bin/../lib/gcc/aarch64-none-elf/14.2.0/../../../../aarch64-none-elf/lib/pic\libg.a(libc_a-stdio.o)
                0x000000000001ad20                __sread
 *fill*         0x000000000001ad6c       0x14 
 .text.__seofread
                0x000000000001ad80        0x8 C:/devkitPro/devkitA64/bin/../lib/gcc/aarch64-none-elf/14.2.0/../../../../aarch64-none-elf/lib/pic\libg.a(libc_a-stdio.o)
                0x000000000001ad80                __seofread
 *fill*         0x000000000001ad88       0x18 
 .text.__swrite
                0x000000000001ada0       0x68 C:/devkitPro/devkitA64/bin/../lib/gcc/aarch64-none-elf/14.2.0/../../../../aarch64-none-elf/lib/pic\libg.a(libc_a-stdio.o)
                0x000000000001ada0                __swrite
 *fill*         0x000000000001ae08       0x18 
 .text.__sseek  0x000000000001ae20       0x50 C:/devkitPro/devkitA64/bin/../lib/gcc/aarch64-none-elf/14.2.0/../../../../aarch64-none-elf/lib/pic\libg.a(libc_a-stdio.o)
                0x000000000001ae20                __sseek
 *fill*         0x000000000001ae70       0x10 
 .text.__sclose
                0x000000000001ae80        0x8 C:/devkitPro/devkitA64/bin/../lib/gcc/aarch64-none-elf/14.2.0/../../../../aarch64-none-elf/lib/pic\libg.a(libc_a-stdio.o)
                0x000000000001ae80                __sclose
 *fill*         0x000000000001ae88       0x18 
 .text.iswspace
                0x000000000001aea0        0x8 C:/devkitPro/devkitA64/bin/../lib/gcc/aarch64-none-elf/14.2.0/../../../../aarch64-none-elf/lib/pic\libg.a(libc_a-iswspace.o)
                0x000000000001aea0                iswspace
 *fill*         0x000000000001aea8       0x18 
 .text.__sccl   0x000000000001aec0       0xd4 C:/devkitPro/devkitA64/bin/../lib/gcc/aarch64-none-elf/14.2.0/../../../../aarch64-none-elf/lib/pic\libg.a(libc_a-sccl.o)
                0x000000000001aec0                __sccl
 *fill*         0x000000000001af94        0xc 
 .text._fclose_r
                0x000000000001afa0      0x134 C:/devkitPro/devkitA64/bin/../lib/gcc/aarch64-none-elf/14.2.0/../../../../aarch64-none-elf/lib/pic\libg.a(libc_a-fclose.o)
                0x000000000001afa0                _fclose_r
 *fill*         0x000000000001b0d4        0xc 
 .text.__localeconv_l
                0x000000000001b0e0        0x8 C:/devkitPro/devkitA64/bin/../lib/gcc/aarch64-none-elf/14.2.0/../../../../aarch64-none-elf/lib/pic\libg.a(libc_a-localeconv.o)
                0x000000000001b0e0                __localeconv_l
 *fill*         0x000000000001b0e8       0x18 
 .text._localeconv_r
                0x000000000001b100       0x28 C:/devkitPro/devkitA64/bin/../lib/gcc/aarch64-none-elf/14.2.0/../../../../aarch64-none-elf/lib/pic\libg.a(libc_a-localeconv.o)
                0x000000000001b100                _localeconv_r
 *fill*         0x000000000001b128       0x18 
 .text.__swhatbuf_r
                0x000000000001b140       0x94 C:/devkitPro/devkitA64/bin/../lib/gcc/aarch64-none-elf/14.2.0/../../../../aarch64-none-elf/lib/pic\libg.a(libc_a-makebuf.o)
                0x000000000001b140                __swhatbuf_r
 *fill*         0x000000000001b1d4        0xc 
 .text.__smakebuf_r
                0x000000000001b1e0       0xfc C:/devkitPro/devkitA64/bin/../lib/gcc/aarch64-none-elf/14.2.0/../../../../aarch64-none-elf/lib/pic\libg.a(libc_a-makebuf.o)
                0x000000000001b1e0                __smakebuf_r
 *fill*         0x000000000001b2dc        0x4 
 .text.realloc  0x000000000001b2e0       0x2c C:/devkitPro/devkitA64/bin/../lib/gcc/aarch64-none-elf/14.2.0/../../../../aarch64-none-elf/lib/pic\libg.a(libc_a-realloc.o)
                0x000000000001b2e0                realloc
 .text.get_arg  0x000000000001b30c      0x790 C:/devkitPro/devkitA64/bin/../lib/gcc/aarch64-none-elf/14.2.0/../../../../aarch64-none-elf/lib/pic\libg.a(libc_a-svfprintf.o)
 .text._svfprintf_r
                0x000000000001ba9c     0x3c0c C:/devkitPro/devkitA64/bin/../lib/gcc/aarch64-none-elf/14.2.0/../../../../aarch64-none-elf/lib/pic\libg.a(libc_a-svfprintf.o)
                0x000000000001ba9c                _svfprintf_r
 *fill*         0x000000000001f6a8       0x18 
 .text._strtol_l.part.0
                0x000000000001f6c0      0x2e8 C:/devkitPro/devkitA64/bin/../lib/gcc/aarch64-none-elf/14.2.0/../../../../aarch64-none-elf/lib/pic\libg.a(libc_a-strtol.o)
 *fill*         0x000000000001f9a8       0x18 
 .text._strtol_r
                0x000000000001f9c0       0x70 C:/devkitPro/devkitA64/bin/../lib/gcc/aarch64-none-elf/14.2.0/../../../../aarch64-none-elf/lib/pic\libg.a(libc_a-strtol.o)
                0x000000000001f9c0                _strtol_r
 *fill*         0x000000000001fa30       0x10 
 .text._findenv_r
                0x000000000001fa40      0x104 C:/devkitPro/devkitA64/bin/../lib/gcc/aarch64-none-elf/14.2.0/../../../../aarch64-none-elf/lib/pic\libg.a(libc_a-getenv_r.o)
                0x000000000001fa40                _findenv_r
 *fill*         0x000000000001fb44       0x1c 
 .text.stpncpy  0x000000000001fb60       0x9c C:/devkitPro/devkitA64/bin/../lib/gcc/aarch64-none-elf/14.2.0/../../../../aarch64-none-elf/lib/pic\libg.a(libc_a-stpncpy.o)
                0x000000000001fb60                stpncpy
 *fill*         0x000000000001fbfc        0x4 
 .text._realloc_r
                0x000000000001fc00      0x53c C:/devkitPro/devkitA64/bin/../lib/gcc/aarch64-none-elf/14.2.0/../../../../aarch64-none-elf/lib/pic\libg.a(libc_a-reallocr.o)
                0x000000000001fc00                _realloc_r
 *fill*         0x000000000002013c        0x4 
 .text.__utf8_wctomb
                0x0000000000020140       0xe4 C:/devkitPro/devkitA64/bin/../lib/gcc/aarch64-none-elf/14.2.0/../../../../aarch64-none-elf/lib/pic\libg.a(libc_a-wctomb_r.o)
                0x0000000000020140                __utf8_wctomb
 *fill*         0x0000000000020224       0x1c 
 .text._wcsrtombs_r
                0x0000000000020240       0x10 C:/devkitPro/devkitA64/bin/../lib/gcc/aarch64-none-elf/14.2.0/../../../../aarch64-none-elf/lib/pic\libg.a(libc_a-wcsrtombs.o)
                0x0000000000020240                _wcsrtombs_r
 *fill*         0x0000000000020250       0x10 
 .text.__match  0x0000000000020260       0x48 C:/devkitPro/devkitA64/bin/../lib/gcc/aarch64-none-elf/14.2.0/../../../../aarch64-none-elf/lib/pic\libg.a(libc_a-gdtoa-hexnan.o)
                0x0000000000020260                __match
 *fill*         0x00000000000202a8       0x18 
 .text.__hexnan
                0x00000000000202c0      0x25c C:/devkitPro/devkitA64/bin/../lib/gcc/aarch64-none-elf/14.2.0/../../../../aarch64-none-elf/lib/pic\libg.a(libc_a-gdtoa-hexnan.o)
                0x00000000000202c0                __hexnan
 *fill*         0x000000000002051c        0x4 
 .text.__swsetup_r
                0x0000000000020520      0x180 C:/devkitPro/devkitA64/bin/../lib/gcc/aarch64-none-elf/14.2.0/../../../../aarch64-none-elf/lib/pic\libg.a(libc_a-wsetup.o)
                0x0000000000020520                __swsetup_r